Archive member included to satisfy reference by file (symbol)

/usr/lib/gcc/arm-none-eabi/8.2.0/../../../../arm-none-eabi/lib/thumb/v7e-m+fp/hard/libc_nano.a(lib_a-atexit.o)
                              /usr/lib/gcc/arm-none-eabi/8.2.0/../../../../arm-none-eabi/lib/thumb/v7e-m+fp/hard/crt0.o (atexit)
/usr/lib/gcc/arm-none-eabi/8.2.0/../../../../arm-none-eabi/lib/thumb/v7e-m+fp/hard/libc_nano.a(lib_a-exit.o)
                              /usr/lib/gcc/arm-none-eabi/8.2.0/../../../../arm-none-eabi/lib/thumb/v7e-m+fp/hard/crt0.o (exit)
/usr/lib/gcc/arm-none-eabi/8.2.0/../../../../arm-none-eabi/lib/thumb/v7e-m+fp/hard/libc_nano.a(lib_a-fini.o)
                              /usr/lib/gcc/arm-none-eabi/8.2.0/../../../../arm-none-eabi/lib/thumb/v7e-m+fp/hard/crt0.o (__libc_fini_array)
/usr/lib/gcc/arm-none-eabi/8.2.0/../../../../arm-none-eabi/lib/thumb/v7e-m+fp/hard/libc_nano.a(lib_a-impure.o)
                              /usr/lib/gcc/arm-none-eabi/8.2.0/../../../../arm-none-eabi/lib/thumb/v7e-m+fp/hard/libc_nano.a(lib_a-exit.o) (_global_impure_ptr)
/usr/lib/gcc/arm-none-eabi/8.2.0/../../../../arm-none-eabi/lib/thumb/v7e-m+fp/hard/libc_nano.a(lib_a-init.o)
                              /usr/lib/gcc/arm-none-eabi/8.2.0/../../../../arm-none-eabi/lib/thumb/v7e-m+fp/hard/crt0.o (__libc_init_array)
/usr/lib/gcc/arm-none-eabi/8.2.0/../../../../arm-none-eabi/lib/thumb/v7e-m+fp/hard/libc_nano.a(lib_a-memset.o)
                              /usr/lib/gcc/arm-none-eabi/8.2.0/../../../../arm-none-eabi/lib/thumb/v7e-m+fp/hard/crt0.o (memset)
/usr/lib/gcc/arm-none-eabi/8.2.0/../../../../arm-none-eabi/lib/thumb/v7e-m+fp/hard/libc_nano.a(lib_a-__atexit.o)
                              /usr/lib/gcc/arm-none-eabi/8.2.0/../../../../arm-none-eabi/lib/thumb/v7e-m+fp/hard/libc_nano.a(lib_a-atexit.o) (__register_exitproc)
/usr/lib/gcc/arm-none-eabi/8.2.0/../../../../arm-none-eabi/lib/thumb/v7e-m+fp/hard/libc_nano.a(lib_a-__call_atexit.o)
                              /usr/lib/gcc/arm-none-eabi/8.2.0/../../../../arm-none-eabi/lib/thumb/v7e-m+fp/hard/libc_nano.a(lib_a-__atexit.o) (__call_exitprocs)
/usr/lib/gcc/arm-none-eabi/8.2.0/../../../../arm-none-eabi/lib/thumb/v7e-m+fp/hard/libnosys.a(_exit.o)
                              /usr/lib/gcc/arm-none-eabi/8.2.0/../../../../arm-none-eabi/lib/thumb/v7e-m+fp/hard/libc_nano.a(lib_a-exit.o) (_exit)
/usr/lib/gcc/arm-none-eabi/8.2.0/thumb/v7e-m+fp/hard/libgcc.a(_aeabi_uldivmod.o)
                              build/stm32f4xx_hal_rcc.o (__aeabi_uldivmod)
/usr/lib/gcc/arm-none-eabi/8.2.0/thumb/v7e-m+fp/hard/libgcc.a(_udivmoddi4.o)
                              /usr/lib/gcc/arm-none-eabi/8.2.0/thumb/v7e-m+fp/hard/libgcc.a(_aeabi_uldivmod.o) (__udivmoddi4)
/usr/lib/gcc/arm-none-eabi/8.2.0/thumb/v7e-m+fp/hard/libgcc.a(_dvmd_tls.o)
                              /usr/lib/gcc/arm-none-eabi/8.2.0/thumb/v7e-m+fp/hard/libgcc.a(_aeabi_uldivmod.o) (__aeabi_ldiv0)

Allocating common symbols
Common symbol       size              file

uwTick              0x4               build/stm32f4xx_hal.o
pFlash              0x20              build/stm32f4xx_hal_flash.o
huart2              0x40              build/usart.o

Discarded input sections

 .text          0x0000000000000000        0x0 /usr/lib/gcc/arm-none-eabi/8.2.0/thumb/v7e-m+fp/hard/crti.o
 .data          0x0000000000000000        0x0 /usr/lib/gcc/arm-none-eabi/8.2.0/thumb/v7e-m+fp/hard/crti.o
 .bss           0x0000000000000000        0x0 /usr/lib/gcc/arm-none-eabi/8.2.0/thumb/v7e-m+fp/hard/crti.o
 .text          0x0000000000000000        0x0 /usr/lib/gcc/arm-none-eabi/8.2.0/thumb/v7e-m+fp/hard/crtbegin.o
 .data          0x0000000000000000        0x0 /usr/lib/gcc/arm-none-eabi/8.2.0/thumb/v7e-m+fp/hard/crtbegin.o
 .bss           0x0000000000000000        0x0 /usr/lib/gcc/arm-none-eabi/8.2.0/thumb/v7e-m+fp/hard/crtbegin.o
 .data.__dso_handle
                0x0000000000000000        0x4 /usr/lib/gcc/arm-none-eabi/8.2.0/thumb/v7e-m+fp/hard/crtbegin.o
 .text          0x0000000000000000       0x68 /usr/lib/gcc/arm-none-eabi/8.2.0/../../../../arm-none-eabi/lib/thumb/v7e-m+fp/hard/crt0.o
 .data          0x0000000000000000        0x0 /usr/lib/gcc/arm-none-eabi/8.2.0/../../../../arm-none-eabi/lib/thumb/v7e-m+fp/hard/crt0.o
 .bss           0x0000000000000000        0x0 /usr/lib/gcc/arm-none-eabi/8.2.0/../../../../arm-none-eabi/lib/thumb/v7e-m+fp/hard/crt0.o
 .ARM.extab     0x0000000000000000        0x0 /usr/lib/gcc/arm-none-eabi/8.2.0/../../../../arm-none-eabi/lib/thumb/v7e-m+fp/hard/crt0.o
 .ARM.exidx     0x0000000000000000        0x8 /usr/lib/gcc/arm-none-eabi/8.2.0/../../../../arm-none-eabi/lib/thumb/v7e-m+fp/hard/crt0.o
 .ARM.attributes
                0x0000000000000000       0x1c /usr/lib/gcc/arm-none-eabi/8.2.0/../../../../arm-none-eabi/lib/thumb/v7e-m+fp/hard/crt0.o
 .text          0x0000000000000000        0x0 build/main.o
 .data          0x0000000000000000        0x0 build/main.o
 .bss           0x0000000000000000        0x0 build/main.o
[...]
Memory Configuration

Name             Origin             Length             Attributes
RAM              0x0000000020000000 0x0000000000018000 xrw
FLASH            0x0000000008000000 0x0000000000080000 xr
*default*        0x0000000000000000 0xffffffffffffffff

Linker script and memory map

LOAD /usr/lib/gcc/arm-none-eabi/8.2.0/thumb/v7e-m+fp/hard/crti.o
LOAD /usr/lib/gcc/arm-none-eabi/8.2.0/thumb/v7e-m+fp/hard/crtbegin.o
LOAD /usr/lib/gcc/arm-none-eabi/8.2.0/../../../../arm-none-eabi/lib/thumb/v7e-m+fp/hard/crt0.o
LOAD build/main.o
LOAD build/gpio.o
LOAD build/usart.o
LOAD build/stm32f4xx_it.o
LOAD build/stm32f4xx_hal_msp.o
LOAD build/stm32f4xx_hal_tim.o
LOAD build/stm32f4xx_hal_tim_ex.o
LOAD build/stm32f4xx_hal_uart.o
LOAD build/stm32f4xx_hal_rcc.o
LOAD build/stm32f4xx_hal_rcc_ex.o
LOAD build/stm32f4xx_hal_flash.o
LOAD build/stm32f4xx_hal_flash_ex.o
LOAD build/stm32f4xx_hal_flash_ramfunc.o
LOAD build/stm32f4xx_hal_gpio.o
LOAD build/stm32f4xx_hal_dma_ex.o
LOAD build/stm32f4xx_hal_dma.o
LOAD build/stm32f4xx_hal_pwr.o
LOAD build/stm32f4xx_hal_pwr_ex.o
LOAD build/stm32f4xx_hal_cortex.o
LOAD build/stm32f4xx_hal.o
LOAD build/system_stm32f4xx.o
LOAD build/startup_stm32f401xe.o
LOAD /usr/lib/gcc/arm-none-eabi/8.2.0/../../../../arm-none-eabi/lib/thumb/v7e-m+fp/hard/libc_nano.a
LOAD /usr/lib/gcc/arm-none-eabi/8.2.0/../../../../arm-none-eabi/lib/thumb/v7e-m+fp/hard/libm.a
LOAD /usr/lib/gcc/arm-none-eabi/8.2.0/../../../../arm-none-eabi/lib/thumb/v7e-m+fp/hard/libnosys.a
START GROUP
LOAD /usr/lib/gcc/arm-none-eabi/8.2.0/thumb/v7e-m+fp/hard/libgcc.a
LOAD /usr/lib/gcc/arm-none-eabi/8.2.0/../../../../arm-none-eabi/lib/thumb/v7e-m+fp/hard/libc_nano.a
END GROUP
START GROUP
LOAD /usr/lib/gcc/arm-none-eabi/8.2.0/thumb/v7e-m+fp/hard/libgcc.a
LOAD /usr/lib/gcc/arm-none-eabi/8.2.0/../../../../arm-none-eabi/lib/thumb/v7e-m+fp/hard/libc_nano.a
END GROUP
LOAD /usr/lib/gcc/arm-none-eabi/8.2.0/thumb/v7e-m+fp/hard/crtend.o
LOAD /usr/lib/gcc/arm-none-eabi/8.2.0/thumb/v7e-m+fp/hard/crtn.o
                0x0000000020018000                _estack = 0x20018000
                0x0000000000000200                _Min_Heap_Size = 0x200
                0x0000000000000400                _Min_Stack_Size = 0x400

.isr_vector     0x0000000008000000      0x194
                0x0000000008000000                . = ALIGN (0x4)
 *(.isr_vector)
 .isr_vector    0x0000000008000000      0x194 build/startup_stm32f401xe.o
                0x0000000008000000                g_pfnVectors
                0x0000000008000194                . = ALIGN (0x4)

.text           0x0000000008000194     0x1428
                0x0000000008000194                . = ALIGN (0x4)
 *(.text)
 .text          0x0000000008000194       0x30 /usr/lib/gcc/arm-none-eabi/8.2.0/thumb/v7e-m+fp/hard/libgcc.a(_aeabi_uldivmod.o)
                0x0000000008000194                __aeabi_uldivmod
 .text          0x00000000080001c4        0x4 /usr/lib/gcc/arm-none-eabi/8.2.0/thumb/v7e-m+fp/hard/libgcc.a(_dvmd_tls.o)
                0x00000000080001c4                __aeabi_ldiv0
                0x00000000080001c4                __aeabi_idiv0
 *(.text*)
 .text.__do_global_dtors_aux
                0x00000000080001c8       0x24 /usr/lib/gcc/arm-none-eabi/8.2.0/thumb/v7e-m+fp/hard/crtbegin.o
 .text.frame_dummy
                0x00000000080001ec       0x1c /usr/lib/gcc/arm-none-eabi/8.2.0/thumb/v7e-m+fp/hard/crtbegin.o
 .text._Error_Handler
                0x0000000008000208        0x2 build/main.o
                0x0000000008000208                _Error_Handler
 *fill*         0x000000000800020a        0x2 
 .text.SystemClock_Config
                0x000000000800020c       0xc4 build/main.o
                0x000000000800020c                SystemClock_Config
 .text.main     0x00000000080002d0       0x14 build/main.o
                0x00000000080002d0                main
 .text.MX_GPIO_Init
                0x00000000080002e4      0x108 build/gpio.o
                0x00000000080002e4                MX_GPIO_Init
 .text.MX_USART2_UART_Init
                0x00000000080003ec       0x3c build/usart.o
                0x00000000080003ec                MX_USART2_UART_Init
 .text.HAL_UART_MspInit
                0x0000000008000428       0x50 build/usart.o
                0x0000000008000428                HAL_UART_MspInit
 .text.NMI_Handler
                0x0000000008000478        0x2 build/stm32f4xx_it.o
                0x0000000008000478                NMI_Handler
 .text.HardFault_Handler
                0x000000000800047a        0x2 build/stm32f4xx_it.o
                0x000000000800047a                HardFault_Handler
 .text.MemManage_Handler
                0x000000000800047c        0x2 build/stm32f4xx_it.o
                0x000000000800047c                MemManage_Handler
 .text.BusFault_Handler
                0x000000000800047e        0x2 build/stm32f4xx_it.o
                0x000000000800047e                BusFault_Handler
 .text.UsageFault_Handler
                0x0000000008000480        0x2 build/stm32f4xx_it.o
                0x0000000008000480                UsageFault_Handler
 .text.SVC_Handler
                0x0000000008000482        0x2 build/stm32f4xx_it.o
                0x0000000008000482                SVC_Handler
 .text.DebugMon_Handler
                0x0000000008000484        0x2 build/stm32f4xx_it.o
                0x0000000008000484                DebugMon_Handler
 .text.PendSV_Handler
                0x0000000008000486        0x2 build/stm32f4xx_it.o
                0x0000000008000486                PendSV_Handler
 .text.SysTick_Handler
                0x0000000008000488        0xc build/stm32f4xx_it.o
                0x0000000008000488                SysTick_Handler
 .text.HAL_MspInit
                0x0000000008000494       0x94 build/stm32f4xx_hal_msp.o
                0x0000000008000494                HAL_MspInit
 .text.UART_SetConfig
                0x0000000008000528      0x334 build/stm32f4xx_hal_uart.o
 .text.HAL_UART_Init
                0x000000000800085c       0x5e build/stm32f4xx_hal_uart.o
                0x000000000800085c                HAL_UART_Init
 *fill*         0x00000000080008ba        0x2 
 .text.HAL_RCC_OscConfig
                0x00000000080008bc      0x398 build/stm32f4xx_hal_rcc.o
                0x00000000080008bc                HAL_RCC_OscConfig
 .text.HAL_RCC_GetSysClockFreq
                0x0000000008000c54       0xd4 build/stm32f4xx_hal_rcc.o
                0x0000000008000c54                HAL_RCC_GetSysClockFreq
 .text.HAL_RCC_ClockConfig
                0x0000000008000d28      0x15c build/stm32f4xx_hal_rcc.o
                0x0000000008000d28                HAL_RCC_ClockConfig
 .text.HAL_RCC_GetHCLKFreq
                0x0000000008000e84        0xc build/stm32f4xx_hal_rcc.o
                0x0000000008000e84                HAL_RCC_GetHCLKFreq
 .text.HAL_RCC_GetPCLK1Freq
                0x0000000008000e90       0x20 build/stm32f4xx_hal_rcc.o
                0x0000000008000e90                HAL_RCC_GetPCLK1Freq
 .text.HAL_RCC_GetPCLK2Freq
                0x0000000008000eb0       0x20 build/stm32f4xx_hal_rcc.o
                0x0000000008000eb0                HAL_RCC_GetPCLK2Freq
 .text.HAL_GPIO_Init
                0x0000000008000ed0      0x1a4 build/stm32f4xx_hal_gpio.o
                0x0000000008000ed0                HAL_GPIO_Init
 .text.HAL_GPIO_WritePin
                0x0000000008001074        0xc build/stm32f4xx_hal_gpio.o
                0x0000000008001074                HAL_GPIO_WritePin
 .text.HAL_NVIC_SetPriorityGrouping
                0x0000000008001080       0x24 build/stm32f4xx_hal_cortex.o
                0x0000000008001080                HAL_NVIC_SetPriorityGrouping
 .text.HAL_NVIC_SetPriority
                0x00000000080010a4       0x68 build/stm32f4xx_hal_cortex.o
                0x00000000080010a4                HAL_NVIC_SetPriority
 .text.HAL_SYSTICK_Config
                0x000000000800110c       0x2c build/stm32f4xx_hal_cortex.o
                0x000000000800110c                HAL_SYSTICK_Config
 .text.HAL_SYSTICK_CLKSourceConfig
                0x0000000008001138       0x20 build/stm32f4xx_hal_cortex.o
                0x0000000008001138                HAL_SYSTICK_CLKSourceConfig
 .text.HAL_SYSTICK_Callback
                0x0000000008001158        0x2 build/stm32f4xx_hal_cortex.o
                0x0000000008001158                HAL_SYSTICK_Callback
 .text.HAL_SYSTICK_IRQHandler
                0x000000000800115a        0x8 build/stm32f4xx_hal_cortex.o
                0x000000000800115a                HAL_SYSTICK_IRQHandler
 *fill*         0x0000000008001162        0x2 
 .text.HAL_InitTick
                0x0000000008001164       0x4c build/stm32f4xx_hal.o
                0x0000000008001164                HAL_InitTick
 .text.HAL_Init
                0x00000000080011b0       0x34 build/stm32f4xx_hal.o
                0x00000000080011b0                HAL_Init
 .text.HAL_IncTick
                0x00000000080011e4       0x18 build/stm32f4xx_hal.o
                0x00000000080011e4                HAL_IncTick
 .text.HAL_GetTick
                0x00000000080011fc        0xc build/stm32f4xx_hal.o
                0x00000000080011fc                HAL_GetTick
 .text.SystemInit
                0x0000000008001208       0x4c build/system_stm32f4xx.o
                0x0000000008001208                SystemInit
 .text.Reset_Handler
                0x0000000008001254       0x50 build/startup_stm32f401xe.o
                0x0000000008001254                Reset_Handler
 .text.Default_Handler
                0x00000000080012a4        0x2 build/startup_stm32f401xe.o
                0x00000000080012a4                RTC_Alarm_IRQHandler
                0x00000000080012a4                EXTI2_IRQHandler
                0x00000000080012a4                SPI4_IRQHandler
                0x00000000080012a4                TIM1_CC_IRQHandler
                0x00000000080012a4                DMA2_Stream5_IRQHandler
                0x00000000080012a4                DMA1_Stream5_IRQHandler
                0x00000000080012a4                PVD_IRQHandler
                0x00000000080012a4                SDIO_IRQHandler
                0x00000000080012a4                TAMP_STAMP_IRQHandler
                0x00000000080012a4                EXTI3_IRQHandler
                0x00000000080012a4                TIM1_UP_TIM10_IRQHandler
                0x00000000080012a4                I2C3_ER_IRQHandler
                0x00000000080012a4                EXTI0_IRQHandler
                0x00000000080012a4                I2C2_EV_IRQHandler
                0x00000000080012a4                DMA1_Stream2_IRQHandler
                0x00000000080012a4                FPU_IRQHandler
                0x00000000080012a4                DMA2_Stream2_IRQHandler
                0x00000000080012a4                SPI1_IRQHandler
                0x00000000080012a4                TIM1_BRK_TIM9_IRQHandler
                0x00000000080012a4                DMA2_Stream3_IRQHandler
                0x00000000080012a4                USART6_IRQHandler
                0x00000000080012a4                DMA2_Stream0_IRQHandler
                0x00000000080012a4                TIM4_IRQHandler
                0x00000000080012a4                I2C1_EV_IRQHandler
                0x00000000080012a4                DMA1_Stream6_IRQHandler
                0x00000000080012a4                DMA1_Stream1_IRQHandler
                0x00000000080012a4                TIM3_IRQHandler
                0x00000000080012a4                RCC_IRQHandler
                0x00000000080012a4                Default_Handler
                0x00000000080012a4                EXTI15_10_IRQHandler
                0x00000000080012a4                ADC_IRQHandler
                0x00000000080012a4                DMA1_Stream7_IRQHandler
                0x00000000080012a4                TIM5_IRQHandler
                0x00000000080012a4                DMA2_Stream7_IRQHandler
                0x00000000080012a4                I2C3_EV_IRQHandler
                0x00000000080012a4                EXTI9_5_IRQHandler
                0x00000000080012a4                RTC_WKUP_IRQHandler
                0x00000000080012a4                SPI2_IRQHandler
                0x00000000080012a4                DMA1_Stream0_IRQHandler
                0x00000000080012a4                EXTI4_IRQHandler
                0x00000000080012a4                WWDG_IRQHandler
                0x00000000080012a4                TIM2_IRQHandler
                0x00000000080012a4                OTG_FS_WKUP_IRQHandler
                0x00000000080012a4                TIM1_TRG_COM_TIM11_IRQHandler
                0x00000000080012a4                EXTI1_IRQHandler
                0x00000000080012a4                USART2_IRQHandler
                0x00000000080012a4                I2C2_ER_IRQHandler
                0x00000000080012a4                DMA2_Stream1_IRQHandler
                0x00000000080012a4                FLASH_IRQHandler
                0x00000000080012a4                DMA2_Stream4_IRQHandler
                0x00000000080012a4                USART1_IRQHandler
                0x00000000080012a4                OTG_FS_IRQHandler
                0x00000000080012a4                SPI3_IRQHandler
                0x00000000080012a4                DMA1_Stream4_IRQHandler
                0x00000000080012a4                I2C1_ER_IRQHandler
                0x00000000080012a4                DMA2_Stream6_IRQHandler
                0x00000000080012a4                DMA1_Stream3_IRQHandler
 *fill*         0x00000000080012a6        0x2 
 .text.__libc_init_array
                0x00000000080012a8       0x48 /usr/lib/gcc/arm-none-eabi/8.2.0/../../../../arm-none-eabi/lib/thumb/v7e-m+fp/hard/libc_nano.a(lib_a-init.o)
                0x00000000080012a8                __libc_init_array
 .text.__udivmoddi4
                0x00000000080012f0      0x2b4 /usr/lib/gcc/arm-none-eabi/8.2.0/thumb/v7e-m+fp/hard/libgcc.a(_udivmoddi4.o)
                0x00000000080012f0                __udivmoddi4
 *(.glue_7)
 .glue_7        0x00000000080015a4        0x0 linker stubs
 *(.glue_7t)
 .glue_7t       0x00000000080015a4        0x0 linker stubs
 *(.eh_frame)
 .eh_frame      0x00000000080015a4        0x0 /usr/lib/gcc/arm-none-eabi/8.2.0/thumb/v7e-m+fp/hard/crtbegin.o
 *(.init)
 .init          0x00000000080015a4        0x4 /usr/lib/gcc/arm-none-eabi/8.2.0/thumb/v7e-m+fp/hard/crti.o
                0x00000000080015a4                _init
 .init          0x00000000080015a8        0x8 /usr/lib/gcc/arm-none-eabi/8.2.0/thumb/v7e-m+fp/hard/crtn.o
 *(.fini)
 .fini          0x00000000080015b0        0x4 /usr/lib/gcc/arm-none-eabi/8.2.0/thumb/v7e-m+fp/hard/crti.o
                0x00000000080015b0                _fini
 .fini          0x00000000080015b4        0x8 /usr/lib/gcc/arm-none-eabi/8.2.0/thumb/v7e-m+fp/hard/crtn.o
                0x00000000080015bc                . = ALIGN (0x4)
                0x00000000080015bc                _etext = .

.vfp11_veneer   0x00000000080015bc        0x0
 .vfp11_veneer  0x00000000080015bc        0x0 linker stubs

.v4_bx          0x00000000080015bc        0x0
 .v4_bx         0x00000000080015bc        0x0 linker stubs

.iplt           0x00000000080015bc        0x0
 .iplt          0x00000000080015bc        0x0 /usr/lib/gcc/arm-none-eabi/8.2.0/thumb/v7e-m+fp/hard/crtbegin.o

.rodata         0x00000000080015bc       0x30
                0x00000000080015bc                . = ALIGN (0x4)
 *(.rodata)
 *(.rodata*)
 .rodata.SystemClock_Config.str1.4
                0x00000000080015bc        0xb build/main.o
 *fill*         0x00000000080015c7        0x1 
 .rodata.MX_USART2_UART_Init.str1.4
                0x00000000080015c8        0xc build/usart.o
 .rodata.AHBPrescTable
                0x00000000080015d4       0x10 build/system_stm32f4xx.o
                0x00000000080015d4                AHBPrescTable
 .rodata.APBPrescTable
                0x00000000080015e4        0x8 build/system_stm32f4xx.o
                0x00000000080015e4                APBPrescTable
                0x00000000080015ec                . = ALIGN (0x4)

.ARM.extab
 *(.ARM.extab* .gnu.linkonce.armextab.*)

.ARM            0x00000000080015ec        0x8
                0x00000000080015ec                __exidx_start = .
 *(.ARM.exidx*)
 .ARM.exidx.text.__udivmoddi4
                0x00000000080015ec        0x8 /usr/lib/gcc/arm-none-eabi/8.2.0/thumb/v7e-m+fp/hard/libgcc.a(_udivmoddi4.o)
                0x00000000080015f4                __exidx_end = .

.rel.dyn        0x00000000080015f4        0x0
 .rel.iplt      0x00000000080015f4        0x0 /usr/lib/gcc/arm-none-eabi/8.2.0/thumb/v7e-m+fp/hard/crtbegin.o

.preinit_array  0x00000000080015f4        0x0
                0x00000000080015f4                PROVIDE (__preinit_array_start = .)
 *(.preinit_array*)
                0x00000000080015f4                PROVIDE (__preinit_array_end = .)

.init_array     0x00000000080015f4        0x4
                0x00000000080015f4                PROVIDE (__init_array_start = .)
 *(SORT_BY_NAME(.init_array.*))
 *(.init_array*)
 .init_array    0x00000000080015f4        0x4 /usr/lib/gcc/arm-none-eabi/8.2.0/thumb/v7e-m+fp/hard/crtbegin.o
                0x00000000080015f8                PROVIDE (__init_array_end = .)

.fini_array     0x00000000080015f8        0x4
                0x00000000080015f8                PROVIDE (__fini_array_start = .)
 *(SORT_BY_NAME(.fini_array.*))
 *(.fini_array*)
 .fini_array    0x00000000080015f8        0x4 /usr/lib/gcc/arm-none-eabi/8.2.0/thumb/v7e-m+fp/hard/crtbegin.o
                0x00000000080015fc                PROVIDE (__fini_array_end = .)
                0x00000000080015fc                _sidata = LOADADDR (.data)

.data           0x0000000020000000        0xc load address 0x00000000080015fc
                0x0000000020000000                . = ALIGN (0x4)
                0x0000000020000000                _sdata = .
 *(.data)
 *(.data*)
 .data.uwTickFreq
                0x0000000020000000        0x1 build/stm32f4xx_hal.o
                0x0000000020000000                uwTickFreq
 *fill*         0x0000000020000001        0x3 
 .data.uwTickPrio
                0x0000000020000004        0x4 build/stm32f4xx_hal.o
                0x0000000020000004                uwTickPrio
 .data.SystemCoreClock
                0x0000000020000008        0x4 build/system_stm32f4xx.o
                0x0000000020000008                SystemCoreClock
                0x000000002000000c                . = ALIGN (0x4)
                0x000000002000000c                _edata = .

.igot.plt       0x000000002000000c        0x0 load address 0x0000000008001608
 .igot.plt      0x000000002000000c        0x0 /usr/lib/gcc/arm-none-eabi/8.2.0/thumb/v7e-m+fp/hard/crtbegin.o
                0x000000002000000c                . = ALIGN (0x4)

.bss            0x000000002000000c       0x60 load address 0x0000000008001608
                0x000000002000000c                _sbss = .
                0x000000002000000c                __bss_start__ = _sbss
 *(.bss)
 *(.bss*)
 .bss.completed.10163
                0x000000002000000c        0x1 /usr/lib/gcc/arm-none-eabi/8.2.0/thumb/v7e-m+fp/hard/crtbegin.o
 *fill*         0x000000002000000d        0x3 
 .bss.object.10168
                0x0000000020000010       0x18 /usr/lib/gcc/arm-none-eabi/8.2.0/thumb/v7e-m+fp/hard/crtbegin.o
 *(COMMON)
 COMMON         0x0000000020000028       0x40 build/usart.o
                0x0000000020000028                huart2
 COMMON         0x0000000020000068        0x4 build/stm32f4xx_hal.o
                0x0000000020000068                uwTick
                0x000000002000006c                . = ALIGN (0x4)
                0x000000002000006c                _ebss = .
                0x000000002000006c                __bss_end__ = _ebss

._user_heap_stack
                0x000000002000006c      0x604 load address 0x0000000008001608
                0x0000000020000070                . = ALIGN (0x8)
 *fill*         0x000000002000006c        0x4 
                [!provide]                        PROVIDE (end = .)
                [!provide]                        PROVIDE (_end = .)
                0x0000000020000270                . = (. + _Min_Heap_Size)
 *fill*         0x0000000020000070      0x200 
                0x0000000020000670                . = (. + _Min_Stack_Size)
 *fill*         0x0000000020000270      0x400 
                0x0000000020000670                . = ALIGN (0x8)

/DISCARD/
 libc.a(*)
 libm.a(*)
 libgcc.a(*)

.ARM.attributes
                0x0000000000000000       0x30
 *(.ARM.attributes)
 .ARM.attributes
                0x0000000000000000       0x1e /usr/lib/gcc/arm-none-eabi/8.2.0/thumb/v7e-m+fp/hard/crti.o
 .ARM.attributes
                0x000000000000001e       0x34 /usr/lib/gcc/arm-none-eabi/8.2.0/thumb/v7e-m+fp/hard/crtbegin.o
 .ARM.attributes
                0x0000000000000052       0x34 build/main.o
 .ARM.attributes
                0x0000000000000086       0x34 build/gpio.o
 .ARM.attributes
                0x00000000000000ba       0x34 build/usart.o
 .ARM.attributes
                0x00000000000000ee       0x34 build/stm32f4xx_it.o
 .ARM.attributes
                0x0000000000000122       0x34 build/stm32f4xx_hal_msp.o
 .ARM.attributes
                0x0000000000000156       0x34 build/stm32f4xx_hal_uart.o
 .ARM.attributes
                0x000000000000018a       0x34 build/stm32f4xx_hal_rcc.o
 .ARM.attributes
                0x00000000000001be       0x34 build/stm32f4xx_hal_gpio.o
 .ARM.attributes
                0x00000000000001f2       0x34 build/stm32f4xx_hal_cortex.o
 .ARM.attributes
                0x0000000000000226       0x34 build/stm32f4xx_hal.o
 .ARM.attributes
                0x000000000000025a       0x34 build/system_stm32f4xx.o
 .ARM.attributes
                0x000000000000028e       0x21 build/startup_stm32f401xe.o
 .ARM.attributes
                0x00000000000002af       0x34 /usr/lib/gcc/arm-none-eabi/8.2.0/../../../../arm-none-eabi/lib/thumb/v7e-m+fp/hard/libc_nano.a(lib_a-init.o)
 .ARM.attributes
                0x00000000000002e3       0x1e /usr/lib/gcc/arm-none-eabi/8.2.0/thumb/v7e-m+fp/hard/libgcc.a(_aeabi_uldivmod.o)
 .ARM.attributes
                0x0000000000000301       0x34 /usr/lib/gcc/arm-none-eabi/8.2.0/thumb/v7e-m+fp/hard/libgcc.a(_udivmoddi4.o)
 .ARM.attributes
                0x0000000000000335       0x1e /usr/lib/gcc/arm-none-eabi/8.2.0/thumb/v7e-m+fp/hard/libgcc.a(_dvmd_tls.o)
 .ARM.attributes
                0x0000000000000353       0x1e /usr/lib/gcc/arm-none-eabi/8.2.0/thumb/v7e-m+fp/hard/crtn.o
OUTPUT(build/PID.elf elf32-littlearm)

.debug_info     0x0000000000000000     0xe21f
 .debug_info    0x0000000000000000     0x1770 build/main.o
 .debug_info    0x0000000000001770      0xfc9 build/gpio.o
 .debug_info    0x0000000000002739     0x14a5 build/usart.o
 .debug_info    0x0000000000003bde      0xb9d build/stm32f4xx_it.o
 .debug_info    0x000000000000477b      0xfd4 build/stm32f4xx_hal_msp.o
 .debug_info    0x000000000000574f     0x2465 build/stm32f4xx_hal_uart.o
 .debug_info    0x0000000000007bb4     0x1581 build/stm32f4xx_hal_rcc.o
 .debug_info    0x0000000000009135     0x125e build/stm32f4xx_hal_gpio.o
 .debug_info    0x000000000000a393     0x1ac7 build/stm32f4xx_hal_cortex.o
 .debug_info    0x000000000000be5a     0x141c build/stm32f4xx_hal.o
 .debug_info    0x000000000000d276      0xf87 build/system_stm32f4xx.o
 .debug_info    0x000000000000e1fd       0x22 build/startup_stm32f401xe.o

.debug_abbrev   0x0000000000000000     0x1fa6
 .debug_abbrev  0x0000000000000000      0x2af build/main.o
 .debug_abbrev  0x00000000000002af      0x239 build/gpio.o
 .debug_abbrev  0x00000000000004e8      0x270 build/usart.o
 .debug_abbrev  0x0000000000000758      0x205 build/stm32f4xx_it.o
 .debug_abbrev  0x000000000000095d      0x242 build/stm32f4xx_hal_msp.o
 .debug_abbrev  0x0000000000000b9f      0x3cb build/stm32f4xx_hal_uart.o
 .debug_abbrev  0x0000000000000f6a      0x37f build/stm32f4xx_hal_rcc.o
 .debug_abbrev  0x00000000000012e9      0x30a build/stm32f4xx_hal_gpio.o
 .debug_abbrev  0x00000000000015f3      0x462 build/stm32f4xx_hal_cortex.o
 .debug_abbrev  0x0000000000001a55      0x325 build/stm32f4xx_hal.o
 .debug_abbrev  0x0000000000001d7a      0x21a build/system_stm32f4xx.o
 .debug_abbrev  0x0000000000001f94       0x12 build/startup_stm32f401xe.o

.debug_loc      0x0000000000000000     0x36b3
 .debug_loc     0x0000000000000000       0x90 build/main.o
 .debug_loc     0x0000000000000090       0x39 build/gpio.o
 .debug_loc     0x00000000000000c9       0xdf build/usart.o
 .debug_loc     0x00000000000001a8       0x20 build/stm32f4xx_it.o
 .debug_loc     0x00000000000001c8       0x38 build/stm32f4xx_hal_msp.o
 .debug_loc     0x0000000000000200     0x1d94 build/stm32f4xx_hal_uart.o
 .debug_loc     0x0000000000001f94      0x68d build/stm32f4xx_hal_rcc.o
 .debug_loc     0x0000000000002621      0x5ca build/stm32f4xx_hal_gpio.o
 .debug_loc     0x0000000000002beb      0x790 build/stm32f4xx_hal_cortex.o
 .debug_loc     0x000000000000337b      0x1cc build/stm32f4xx_hal.o
 .debug_loc     0x0000000000003547      0x16c build/system_stm32f4xx.o

.debug_aranges  0x0000000000000000      0x588
 .debug_aranges
                0x0000000000000000       0x30 build/main.o
 .debug_aranges
                0x0000000000000030       0x20 build/gpio.o
 .debug_aranges
                0x0000000000000050       0x30 build/usart.o
 .debug_aranges
                0x0000000000000080       0x60 build/stm32f4xx_it.o
 .debug_aranges
                0x00000000000000e0       0x20 build/stm32f4xx_hal_msp.o
 .debug_aranges
                0x0000000000000100      0x1d0 build/stm32f4xx_hal_uart.o
 .debug_aranges
                0x00000000000002d0       0x88 build/stm32f4xx_hal_rcc.o
 .debug_aranges
                0x0000000000000358       0x58 build/stm32f4xx_hal_gpio.o
 .debug_aranges
                0x00000000000003b0       0xa8 build/stm32f4xx_hal_cortex.o
 .debug_aranges
                0x0000000000000458       0xe0 build/stm32f4xx_hal.o
 .debug_aranges
                0x0000000000000538       0x28 build/system_stm32f4xx.o
 .debug_aranges
                0x0000000000000560       0x28 build/startup_stm32f401xe.o

.debug_ranges   0x0000000000000000      0x530
 .debug_ranges  0x0000000000000000       0x20 build/main.o
 .debug_ranges  0x0000000000000020       0x10 build/gpio.o
 .debug_ranges  0x0000000000000030       0x20 build/usart.o
 .debug_ranges  0x0000000000000050       0x50 build/stm32f4xx_it.o
 .debug_ranges  0x00000000000000a0       0x10 build/stm32f4xx_hal_msp.o
 .debug_ranges  0x00000000000000b0      0x1c0 build/stm32f4xx_hal_uart.o
 .debug_ranges  0x0000000000000270       0x90 build/stm32f4xx_hal_rcc.o
 .debug_ranges  0x0000000000000300       0x48 build/stm32f4xx_hal_gpio.o
 .debug_ranges  0x0000000000000348       0xe0 build/stm32f4xx_hal_cortex.o
 .debug_ranges  0x0000000000000428       0xd0 build/stm32f4xx_hal.o
 .debug_ranges  0x00000000000004f8       0x18 build/system_stm32f4xx.o
 .debug_ranges  0x0000000000000510       0x20 build/startup_stm32f401xe.o

.debug_line     0x0000000000000000     0x4802
 .debug_line    0x0000000000000000      0x335 build/main.o
 .debug_line    0x0000000000000335      0x262 build/gpio.o
 .debug_line    0x0000000000000597      0x2d6 build/usart.o
 .debug_line    0x000000000000086d      0x27b build/stm32f4xx_it.o
 .debug_line    0x0000000000000ae8      0x1ca build/stm32f4xx_hal_msp.o
 .debug_line    0x0000000000000cb2     0x1acf build/stm32f4xx_hal_uart.o
 .debug_line    0x0000000000002781      0xa95 build/stm32f4xx_hal_rcc.o
 .debug_line    0x0000000000003216      0x6ad build/stm32f4xx_hal_gpio.o
 .debug_line    0x00000000000038c3      0x71b build/stm32f4xx_hal_cortex.o
 .debug_line    0x0000000000003fde      0x531 build/stm32f4xx_hal.o
 .debug_line    0x000000000000450f      0x27f build/system_stm32f4xx.o
 .debug_line    0x000000000000478e       0x74 build/startup_stm32f401xe.o

.debug_str      0x0000000000000000     0x20ce
 .debug_str     0x0000000000000000      0xfd2 build/main.o
                                       0x107b (size before relaxing)
 .debug_str     0x0000000000000fd2       0xaf build/gpio.o
                                        0x79e (size before relaxing)
 .debug_str     0x0000000000001081       0x59 build/usart.o
                                        0xbe3 (size before relaxing)
 .debug_str     0x00000000000010da       0xc6 build/stm32f4xx_it.o
                                        0x67a (size before relaxing)
 .debug_str     0x00000000000011a0       0x41 build/stm32f4xx_hal_msp.o
                                        0xaab (size before relaxing)
 .debug_str     0x00000000000011e1      0x5a4 build/stm32f4xx_hal_uart.o
                                        0xff5 (size before relaxing)
 .debug_str     0x0000000000001785      0x18c build/stm32f4xx_hal_rcc.o
                                        0xad8 (size before relaxing)
 .debug_str     0x0000000000001911      0x125 build/stm32f4xx_hal_gpio.o
                                        0x905 (size before relaxing)
 .debug_str     0x0000000000001a36      0x3b1 build/stm32f4xx_hal_cortex.o
                                        0xebb (size before relaxing)
 .debug_str     0x0000000000001de7      0x281 build/stm32f4xx_hal.o
                                        0xdf6 (size before relaxing)
 .debug_str     0x0000000000002068       0x42 build/system_stm32f4xx.o
                                        0x769 (size before relaxing)
 .debug_str     0x00000000000020aa       0x24 build/startup_stm32f401xe.o
                                         0x62 (size before relaxing)

.comment        0x0000000000000000       0x1d
 .comment       0x0000000000000000       0x1d build/main.o
                                         0x1e (size before relaxing)
 .comment       0x000000000000001d       0x1e build/gpio.o
 .comment       0x000000000000001d       0x1e build/usart.o
 .comment       0x000000000000001d       0x1e build/stm32f4xx_it.o
 .comment       0x000000000000001d       0x1e build/stm32f4xx_hal_msp.o
 .comment       0x000000000000001d       0x1e build/stm32f4xx_hal_uart.o
 .comment       0x000000000000001d       0x1e build/stm32f4xx_hal_rcc.o
 .comment       0x000000000000001d       0x1e build/stm32f4xx_hal_gpio.o
 .comment       0x000000000000001d       0x1e build/stm32f4xx_hal_cortex.o
 .comment       0x000000000000001d       0x1e build/stm32f4xx_hal.o
 .comment       0x000000000000001d       0x1e build/system_stm32f4xx.o

.debug_frame    0x0000000000000000      0xe00
 .debug_frame   0x0000000000000000       0x60 build/main.o
 .debug_frame   0x0000000000000060       0x3c build/gpio.o
 .debug_frame   0x000000000000009c       0x64 build/usart.o
 .debug_frame   0x0000000000000100       0xac build/stm32f4xx_it.o
 .debug_frame   0x00000000000001ac       0x30 build/stm32f4xx_hal_msp.o
 .debug_frame   0x00000000000001dc      0x57c build/stm32f4xx_hal_uart.o
 .debug_frame   0x0000000000000758      0x1b0 build/stm32f4xx_hal_rcc.o
 .debug_frame   0x0000000000000908       0xec build/stm32f4xx_hal_gpio.o
 .debug_frame   0x00000000000009f4      0x16c build/stm32f4xx_hal_cortex.o
 .debug_frame   0x0000000000000b60      0x1e0 build/stm32f4xx_hal.o
 .debug_frame   0x0000000000000d40       0x30 build/system_stm32f4xx.o
 .debug_frame   0x0000000000000d70       0x2c /usr/lib/gcc/arm-none-eabi/8.2.0/../../../../arm-none-eabi/lib/thumb/v7e-m+fp/hard/libc_nano.a(lib_a-init.o)
 .debug_frame   0x0000000000000d9c       0x2c /usr/lib/gcc/arm-none-eabi/8.2.0/thumb/v7e-m+fp/hard/libgcc.a(_aeabi_uldivmod.o)
 .debug_frame   0x0000000000000dc8       0x38 /usr/lib/gcc/arm-none-eabi/8.2.0/thumb/v7e-m+fp/hard/libgcc.a(_udivmoddi4.o)

Cross Reference Table

Symbol                                            File
ADC_IRQHandler                                    build/startup_stm32f401xe.o
AHBPrescTable                                     build/system_stm32f4xx.o
                                                  build/stm32f4xx_hal_rcc.o
APBPrescTable                                     build/system_stm32f4xx.o
                                                  build/stm32f4xx_hal_rcc.o
BusFault_Handler                                  build/stm32f4xx_it.o
DMA1_Stream0_IRQHandler                           build/startup_stm32f401xe.o
DMA1_Stream1_IRQHandler                           build/startup_stm32f401xe.o
DMA1_Stream2_IRQHandler                           build/startup_stm32f401xe.o
DMA1_Stream3_IRQHandler                           build/startup_stm32f401xe.o
DMA1_Stream4_IRQHandler                           build/startup_stm32f401xe.o
DMA1_Stream5_IRQHandler                           build/startup_stm32f401xe.o
DMA1_Stream6_IRQHandler                           build/startup_stm32f401xe.o
DMA1_Stream7_IRQHandler                           build/startup_stm32f401xe.o
DMA2_Stream0_IRQHandler                           build/startup_stm32f401xe.o
DMA2_Stream1_IRQHandler                           build/startup_stm32f401xe.o
DMA2_Stream2_IRQHandler                           build/startup_stm32f401xe.o
DMA2_Stream3_IRQHandler                           build/startup_stm32f401xe.o
DMA2_Stream4_IRQHandler                           build/startup_stm32f401xe.o
DMA2_Stream5_IRQHandler                           build/startup_stm32f401xe.o
DMA2_Stream6_IRQHandler                           build/startup_stm32f401xe.o
DMA2_Stream7_IRQHandler                           build/startup_stm32f401xe.o
DebugMon_Handler                                  build/stm32f4xx_it.o
Default_Handler                                   build/startup_stm32f401xe.o
EXTI0_IRQHandler                                  build/startup_stm32f401xe.o
EXTI15_10_IRQHandler                              build/startup_stm32f401xe.o
EXTI1_IRQHandler                                  build/startup_stm32f401xe.o
EXTI2_IRQHandler                                  build/startup_stm32f401xe.o
EXTI3_IRQHandler                                  build/startup_stm32f401xe.o
EXTI4_IRQHandler                                  build/startup_stm32f401xe.o
EXTI9_5_IRQHandler                                build/startup_stm32f401xe.o
FLASH_Erase_Sector                                build/stm32f4xx_hal_flash_ex.o
                                                  build/stm32f4xx_hal_flash.o
FLASH_FlushCaches                                 build/stm32f4xx_hal_flash_ex.o
                                                  build/stm32f4xx_hal_flash.o
FLASH_IRQHandler                                  build/startup_stm32f401xe.o
FLASH_WaitForLastOperation                        build/stm32f4xx_hal_flash.o
                                                  build/stm32f4xx_hal_flash_ex.o
FPU_IRQHandler                                    build/startup_stm32f401xe.o
HAL_DBGMCU_DisableDBGSleepMode                    build/stm32f4xx_hal.o
HAL_DBGMCU_DisableDBGStandbyMode                  build/stm32f4xx_hal.o
HAL_DBGMCU_DisableDBGStopMode                     build/stm32f4xx_hal.o
HAL_DBGMCU_EnableDBGSleepMode                     build/stm32f4xx_hal.o
HAL_DBGMCU_EnableDBGStandbyMode                   build/stm32f4xx_hal.o
HAL_DBGMCU_EnableDBGStopMode                      build/stm32f4xx_hal.o
HAL_DMAEx_ChangeMemory                            build/stm32f4xx_hal_dma_ex.o
HAL_DMAEx_MultiBufferStart                        build/stm32f4xx_hal_dma_ex.o
HAL_DMAEx_MultiBufferStart_IT                     build/stm32f4xx_hal_dma_ex.o
HAL_DMA_Abort                                     build/stm32f4xx_hal_dma.o
                                                  build/stm32f4xx_hal_uart.o
HAL_DMA_Abort_IT                                  build/stm32f4xx_hal_dma.o
                                                  build/stm32f4xx_hal_uart.o
HAL_DMA_DeInit                                    build/stm32f4xx_hal_dma.o
HAL_DMA_GetError                                  build/stm32f4xx_hal_dma.o
HAL_DMA_GetState                                  build/stm32f4xx_hal_dma.o
HAL_DMA_IRQHandler                                build/stm32f4xx_hal_dma.o
HAL_DMA_Init                                      build/stm32f4xx_hal_dma.o
HAL_DMA_PollForTransfer                           build/stm32f4xx_hal_dma.o
HAL_DMA_RegisterCallback                          build/stm32f4xx_hal_dma.o
HAL_DMA_Start                                     build/stm32f4xx_hal_dma.o
HAL_DMA_Start_IT                                  build/stm32f4xx_hal_dma.o
                                                  build/stm32f4xx_hal_uart.o
HAL_DMA_UnRegisterCallback                        build/stm32f4xx_hal_dma.o
HAL_DeInit                                        build/stm32f4xx_hal.o
HAL_Delay                                         build/stm32f4xx_hal.o
HAL_DisableCompensationCell                       build/stm32f4xx_hal.o
HAL_EnableCompensationCell                        build/stm32f4xx_hal.o
HAL_FLASHEx_AdvOBGetConfig                        build/stm32f4xx_hal_flash_ex.o
HAL_FLASHEx_AdvOBProgram                          build/stm32f4xx_hal_flash_ex.o
HAL_FLASHEx_Erase                                 build/stm32f4xx_hal_flash_ex.o
HAL_FLASHEx_Erase_IT                              build/stm32f4xx_hal_flash_ex.o
HAL_FLASHEx_OBGetConfig                           build/stm32f4xx_hal_flash_ex.o
HAL_FLASHEx_OBProgram                             build/stm32f4xx_hal_flash_ex.o
HAL_FLASHEx_OB_DeSelectPCROP                      build/stm32f4xx_hal_flash_ex.o
HAL_FLASHEx_OB_SelectPCROP                        build/stm32f4xx_hal_flash_ex.o
HAL_FLASH_EndOfOperationCallback                  build/stm32f4xx_hal_flash.o
HAL_FLASH_GetError                                build/stm32f4xx_hal_flash.o
HAL_FLASH_IRQHandler                              build/stm32f4xx_hal_flash.o
HAL_FLASH_Lock                                    build/stm32f4xx_hal_flash.o
HAL_FLASH_OB_Launch                               build/stm32f4xx_hal_flash.o
HAL_FLASH_OB_Lock                                 build/stm32f4xx_hal_flash.o
HAL_FLASH_OB_Unlock                               build/stm32f4xx_hal_flash.o
HAL_FLASH_OperationErrorCallback                  build/stm32f4xx_hal_flash.o
HAL_FLASH_Program                                 build/stm32f4xx_hal_flash.o
HAL_FLASH_Program_IT                              build/stm32f4xx_hal_flash.o
HAL_FLASH_Unlock                                  build/stm32f4xx_hal_flash.o
HAL_GPIO_DeInit                                   build/stm32f4xx_hal_gpio.o
                                                  build/usart.o
HAL_GPIO_EXTI_Callback                            build/stm32f4xx_hal_gpio.o
HAL_GPIO_EXTI_IRQHandler                          build/stm32f4xx_hal_gpio.o
HAL_GPIO_Init                                     build/stm32f4xx_hal_gpio.o
                                                  build/stm32f4xx_hal_rcc.o
                                                  build/usart.o
                                                  build/gpio.o
HAL_GPIO_LockPin                                  build/stm32f4xx_hal_gpio.o
HAL_GPIO_ReadPin                                  build/stm32f4xx_hal_gpio.o
HAL_GPIO_TogglePin                                build/stm32f4xx_hal_gpio.o
HAL_GPIO_WritePin                                 build/stm32f4xx_hal_gpio.o
                                                  build/gpio.o
HAL_GetDEVID                                      build/stm32f4xx_hal.o
HAL_GetHalVersion                                 build/stm32f4xx_hal.o
HAL_GetREVID                                      build/stm32f4xx_hal.o
HAL_GetTick                                       build/stm32f4xx_hal.o
                                                  build/stm32f4xx_hal_pwr_ex.o
                                                  build/stm32f4xx_hal_dma.o
                                                  build/stm32f4xx_hal_flash.o
                                                  build/stm32f4xx_hal_rcc_ex.o
                                                  build/stm32f4xx_hal_rcc.o
                                                  build/stm32f4xx_hal_uart.o
HAL_GetTickFreq                                   build/stm32f4xx_hal.o
HAL_GetTickPrio                                   build/stm32f4xx_hal.o
HAL_GetUID                                        build/stm32f4xx_hal.o
HAL_HalfDuplex_EnableReceiver                     build/stm32f4xx_hal_uart.o
HAL_HalfDuplex_EnableTransmitter                  build/stm32f4xx_hal_uart.o
HAL_HalfDuplex_Init                               build/stm32f4xx_hal_uart.o
HAL_IncTick                                       build/stm32f4xx_hal.o
                                                  build/stm32f4xx_it.o
HAL_Init                                          build/stm32f4xx_hal.o
                                                  build/main.o
HAL_InitTick                                      build/stm32f4xx_hal.o
                                                  build/stm32f4xx_hal_rcc_ex.o
                                                  build/stm32f4xx_hal_rcc.o
HAL_LIN_Init                                      build/stm32f4xx_hal_uart.o
HAL_LIN_SendBreak                                 build/stm32f4xx_hal_uart.o
HAL_MPU_ConfigRegion                              build/stm32f4xx_hal_cortex.o
HAL_MPU_Disable                                   build/stm32f4xx_hal_cortex.o
HAL_MPU_Enable                                    build/stm32f4xx_hal_cortex.o
HAL_MspDeInit                                     build/stm32f4xx_hal.o
HAL_MspInit                                       build/stm32f4xx_hal_msp.o
HAL_MultiProcessor_EnterMuteMode                  build/stm32f4xx_hal_uart.o
HAL_MultiProcessor_ExitMuteMode                   build/stm32f4xx_hal_uart.o
HAL_MultiProcessor_Init                           build/stm32f4xx_hal_uart.o
HAL_NVIC_ClearPendingIRQ                          build/stm32f4xx_hal_cortex.o
HAL_NVIC_DisableIRQ                               build/stm32f4xx_hal_cortex.o
HAL_NVIC_EnableIRQ                                build/stm32f4xx_hal_cortex.o
HAL_NVIC_GetActive                                build/stm32f4xx_hal_cortex.o
HAL_NVIC_GetPendingIRQ                            build/stm32f4xx_hal_cortex.o
HAL_NVIC_GetPriority                              build/stm32f4xx_hal_cortex.o
HAL_NVIC_GetPriorityGrouping                      build/stm32f4xx_hal_cortex.o
HAL_NVIC_SetPendingIRQ                            build/stm32f4xx_hal_cortex.o
HAL_NVIC_SetPriority                              build/stm32f4xx_hal_cortex.o
                                                  build/stm32f4xx_hal.o
                                                  build/stm32f4xx_hal_msp.o
                                                  build/main.o
HAL_NVIC_SetPriorityGrouping                      build/stm32f4xx_hal_cortex.o
                                                  build/stm32f4xx_hal.o
                                                  build/stm32f4xx_hal_msp.o
HAL_NVIC_SystemReset                              build/stm32f4xx_hal_cortex.o
HAL_PWREx_ControlVoltageScaling                   build/stm32f4xx_hal_pwr_ex.o
HAL_PWREx_DisableBkUpReg                          build/stm32f4xx_hal_pwr_ex.o
HAL_PWREx_DisableFlashPowerDown                   build/stm32f4xx_hal_pwr_ex.o
HAL_PWREx_DisableLowRegulatorLowVoltage           build/stm32f4xx_hal_pwr_ex.o
HAL_PWREx_DisableMainRegulatorLowVoltage          build/stm32f4xx_hal_pwr_ex.o
HAL_PWREx_EnableBkUpReg                           build/stm32f4xx_hal_pwr_ex.o
HAL_PWREx_EnableFlashPowerDown                    build/stm32f4xx_hal_pwr_ex.o
HAL_PWREx_EnableLowRegulatorLowVoltage            build/stm32f4xx_hal_pwr_ex.o
HAL_PWREx_EnableMainRegulatorLowVoltage           build/stm32f4xx_hal_pwr_ex.o
HAL_PWREx_GetVoltageRange                         build/stm32f4xx_hal_pwr_ex.o
HAL_PWR_ConfigPVD                                 build/stm32f4xx_hal_pwr.o
HAL_PWR_DeInit                                    build/stm32f4xx_hal_pwr.o
HAL_PWR_DisableBkUpAccess                         build/stm32f4xx_hal_pwr.o
HAL_PWR_DisablePVD                                build/stm32f4xx_hal_pwr.o
HAL_PWR_DisableSEVOnPend                          build/stm32f4xx_hal_pwr.o
HAL_PWR_DisableSleepOnExit                        build/stm32f4xx_hal_pwr.o
HAL_PWR_DisableWakeUpPin                          build/stm32f4xx_hal_pwr.o
HAL_PWR_EnableBkUpAccess                          build/stm32f4xx_hal_pwr.o
HAL_PWR_EnablePVD                                 build/stm32f4xx_hal_pwr.o
HAL_PWR_EnableSEVOnPend                           build/stm32f4xx_hal_pwr.o
HAL_PWR_EnableSleepOnExit                         build/stm32f4xx_hal_pwr.o
HAL_PWR_EnableWakeUpPin                           build/stm32f4xx_hal_pwr.o
HAL_PWR_EnterSLEEPMode                            build/stm32f4xx_hal_pwr.o
HAL_PWR_EnterSTANDBYMode                          build/stm32f4xx_hal_pwr.o
HAL_PWR_EnterSTOPMode                             build/stm32f4xx_hal_pwr.o
HAL_PWR_PVDCallback                               build/stm32f4xx_hal_pwr.o
HAL_PWR_PVD_IRQHandler                            build/stm32f4xx_hal_pwr.o
HAL_RCCEx_DisablePLLI2S                           build/stm32f4xx_hal_rcc_ex.o
HAL_RCCEx_EnablePLLI2S                            build/stm32f4xx_hal_rcc_ex.o
HAL_RCCEx_GetPeriphCLKConfig                      build/stm32f4xx_hal_rcc_ex.o
HAL_RCCEx_GetPeriphCLKFreq                        build/stm32f4xx_hal_rcc_ex.o
HAL_RCCEx_PeriphCLKConfig                         build/stm32f4xx_hal_rcc_ex.o
HAL_RCC_CSSCallback                               build/stm32f4xx_hal_rcc.o
HAL_RCC_ClockConfig                               build/stm32f4xx_hal_rcc.o
                                                  build/main.o
HAL_RCC_DeInit                                    build/stm32f4xx_hal_rcc_ex.o
                                                  build/stm32f4xx_hal_rcc.o
HAL_RCC_DisableCSS                                build/stm32f4xx_hal_rcc.o
HAL_RCC_EnableCSS                                 build/stm32f4xx_hal_rcc.o
HAL_RCC_GetClockConfig                            build/stm32f4xx_hal_rcc.o
HAL_RCC_GetHCLKFreq                               build/stm32f4xx_hal_rcc.o
                                                  build/main.o
HAL_RCC_GetOscConfig                              build/stm32f4xx_hal_rcc.o
HAL_RCC_GetPCLK1Freq                              build/stm32f4xx_hal_rcc.o
                                                  build/stm32f4xx_hal_uart.o
HAL_RCC_GetPCLK2Freq                              build/stm32f4xx_hal_rcc.o
                                                  build/stm32f4xx_hal_uart.o
HAL_RCC_GetSysClockFreq                           build/stm32f4xx_hal_rcc.o
HAL_RCC_MCOConfig                                 build/stm32f4xx_hal_rcc.o
HAL_RCC_NMI_IRQHandler                            build/stm32f4xx_hal_rcc.o
HAL_RCC_OscConfig                                 build/stm32f4xx_hal_rcc.o
                                                  build/main.o
HAL_ResumeTick                                    build/stm32f4xx_hal.o
HAL_SYSTICK_CLKSourceConfig                       build/stm32f4xx_hal_cortex.o
                                                  build/main.o
HAL_SYSTICK_Callback                              build/stm32f4xx_hal_cortex.o
HAL_SYSTICK_Config                                build/stm32f4xx_hal_cortex.o
                                                  build/stm32f4xx_hal.o
                                                  build/main.o
HAL_SYSTICK_IRQHandler                            build/stm32f4xx_hal_cortex.o
                                                  build/stm32f4xx_it.o
HAL_SetTickFreq                                   build/stm32f4xx_hal.o
HAL_SuspendTick                                   build/stm32f4xx_hal.o
HAL_UART_Abort                                    build/stm32f4xx_hal_uart.o
HAL_UART_AbortCpltCallback                        build/stm32f4xx_hal_uart.o
HAL_UART_AbortReceive                             build/stm32f4xx_hal_uart.o
HAL_UART_AbortReceiveCpltCallback                 build/stm32f4xx_hal_uart.o
HAL_UART_AbortReceive_IT                          build/stm32f4xx_hal_uart.o
HAL_UART_AbortTransmit                            build/stm32f4xx_hal_uart.o
HAL_UART_AbortTransmitCpltCallback                build/stm32f4xx_hal_uart.o
HAL_UART_AbortTransmit_IT                         build/stm32f4xx_hal_uart.o
HAL_UART_Abort_IT                                 build/stm32f4xx_hal_uart.o
HAL_UART_DMAPause                                 build/stm32f4xx_hal_uart.o
HAL_UART_DMAResume                                build/stm32f4xx_hal_uart.o
HAL_UART_DMAStop                                  build/stm32f4xx_hal_uart.o
HAL_UART_DeInit                                   build/stm32f4xx_hal_uart.o
HAL_UART_ErrorCallback                            build/stm32f4xx_hal_uart.o
HAL_UART_GetError                                 build/stm32f4xx_hal_uart.o
HAL_UART_GetState                                 build/stm32f4xx_hal_uart.o
HAL_UART_IRQHandler                               build/stm32f4xx_hal_uart.o
HAL_UART_Init                                     build/stm32f4xx_hal_uart.o
                                                  build/usart.o
HAL_UART_MspDeInit                                build/usart.o
HAL_UART_MspInit                                  build/usart.o
HAL_UART_Receive                                  build/stm32f4xx_hal_uart.o
HAL_UART_Receive_DMA                              build/stm32f4xx_hal_uart.o
HAL_UART_Receive_IT                               build/stm32f4xx_hal_uart.o
HAL_UART_RxCpltCallback                           build/stm32f4xx_hal_uart.o
HAL_UART_RxHalfCpltCallback                       build/stm32f4xx_hal_uart.o
HAL_UART_Transmit                                 build/stm32f4xx_hal_uart.o
HAL_UART_Transmit_DMA                             build/stm32f4xx_hal_uart.o
HAL_UART_Transmit_IT                              build/stm32f4xx_hal_uart.o
HAL_UART_TxCpltCallback                           build/stm32f4xx_hal_uart.o
HAL_UART_TxHalfCpltCallback                       build/stm32f4xx_hal_uart.o
HardFault_Handler                                 build/stm32f4xx_it.o
I2C1_ER_IRQHandler                                build/startup_stm32f401xe.o
I2C1_EV_IRQHandler                                build/startup_stm32f401xe.o
I2C2_ER_IRQHandler                                build/startup_stm32f401xe.o
I2C2_EV_IRQHandler                                build/startup_stm32f401xe.o
I2C3_ER_IRQHandler                                build/startup_stm32f401xe.o
I2C3_EV_IRQHandler                                build/startup_stm32f401xe.o
MX_GPIO_Init                                      build/gpio.o
                                                  build/main.o
MX_USART2_UART_Init                               build/usart.o
                                                  build/main.o
MemManage_Handler                                 build/stm32f4xx_it.o
NMI_Handler                                       build/stm32f4xx_it.o
OTG_FS_IRQHandler                                 build/startup_stm32f401xe.o
OTG_FS_WKUP_IRQHandler                            build/startup_stm32f401xe.o
PVD_IRQHandler                                    build/startup_stm32f401xe.o
PendSV_Handler                                    build/stm32f4xx_it.o
RCC_IRQHandler                                    build/startup_stm32f401xe.o
RTC_Alarm_IRQHandler                              build/startup_stm32f401xe.o
RTC_WKUP_IRQHandler                               build/startup_stm32f401xe.o
Reset_Handler                                     build/startup_stm32f401xe.o
SDIO_IRQHandler                                   build/startup_stm32f401xe.o
SPI1_IRQHandler                                   build/startup_stm32f401xe.o
SPI2_IRQHandler                                   build/startup_stm32f401xe.o
SPI3_IRQHandler                                   build/startup_stm32f401xe.o
SPI4_IRQHandler                                   build/startup_stm32f401xe.o
SVC_Handler                                       build/stm32f4xx_it.o
SysTick_Handler                                   build/stm32f4xx_it.o
SystemClock_Config                                build/main.o
SystemCoreClock                                   build/system_stm32f4xx.o
                                                  build/stm32f4xx_hal.o
                                                  build/stm32f4xx_hal_dma.o
                                                  build/stm32f4xx_hal_rcc_ex.o
                                                  build/stm32f4xx_hal_rcc.o
SystemCoreClockUpdate                             build/system_stm32f4xx.o
SystemInit                                        build/system_stm32f4xx.o
                                                  build/startup_stm32f401xe.o
TAMP_STAMP_IRQHandler                             build/startup_stm32f401xe.o
TIM1_BRK_TIM9_IRQHandler                          build/startup_stm32f401xe.o
TIM1_CC_IRQHandler                                build/startup_stm32f401xe.o
TIM1_TRG_COM_TIM11_IRQHandler                     build/startup_stm32f401xe.o
TIM1_UP_TIM10_IRQHandler                          build/startup_stm32f401xe.o
TIM2_IRQHandler                                   build/startup_stm32f401xe.o
TIM3_IRQHandler                                   build/startup_stm32f401xe.o
TIM4_IRQHandler                                   build/startup_stm32f401xe.o
TIM5_IRQHandler                                   build/startup_stm32f401xe.o
USART1_IRQHandler                                 build/startup_stm32f401xe.o
USART2_IRQHandler                                 build/startup_stm32f401xe.o
USART6_IRQHandler                                 build/startup_stm32f401xe.o
UsageFault_Handler                                build/stm32f4xx_it.o
WWDG_IRQHandler                                   build/startup_stm32f401xe.o
_Error_Handler                                    build/main.o
                                                  build/usart.o
__aeabi_idiv0                                     /usr/lib/gcc/arm-none-eabi/8.2.0/thumb/v7e-m+fp/hard/libgcc.a(_dvmd_tls.o)
__aeabi_ldiv0                                     /usr/lib/gcc/arm-none-eabi/8.2.0/thumb/v7e-m+fp/hard/libgcc.a(_dvmd_tls.o)
                                                  /usr/lib/gcc/arm-none-eabi/8.2.0/thumb/v7e-m+fp/hard/libgcc.a(_aeabi_uldivmod.o)
__aeabi_uldivmod                                  /usr/lib/gcc/arm-none-eabi/8.2.0/thumb/v7e-m+fp/hard/libgcc.a(_aeabi_uldivmod.o)
                                                  build/stm32f4xx_hal_rcc.o
__atexit_dummy                                    /usr/lib/gcc/arm-none-eabi/8.2.0/../../../../arm-none-eabi/lib/thumb/v7e-m+fp/hard/libc_nano.a(lib_a-__atexit.o)
__bss_end__                                       /usr/lib/gcc/arm-none-eabi/8.2.0/../../../../arm-none-eabi/lib/thumb/v7e-m+fp/hard/crt0.o
__bss_start__                                     /usr/lib/gcc/arm-none-eabi/8.2.0/../../../../arm-none-eabi/lib/thumb/v7e-m+fp/hard/crt0.o
__call_exitprocs                                  /usr/lib/gcc/arm-none-eabi/8.2.0/../../../../arm-none-eabi/lib/thumb/v7e-m+fp/hard/libc_nano.a(lib_a-__call_atexit.o)
                                                  /usr/lib/gcc/arm-none-eabi/8.2.0/../../../../arm-none-eabi/lib/thumb/v7e-m+fp/hard/libc_nano.a(lib_a-__atexit.o)
                                                  /usr/lib/gcc/arm-none-eabi/8.2.0/../../../../arm-none-eabi/lib/thumb/v7e-m+fp/hard/libc_nano.a(lib_a-exit.o)
__deregister_frame_info                           /usr/lib/gcc/arm-none-eabi/8.2.0/thumb/v7e-m+fp/hard/crtbegin.o
__dso_handle                                      /usr/lib/gcc/arm-none-eabi/8.2.0/thumb/v7e-m+fp/hard/crtbegin.o
__fini_array_end                                  /usr/lib/gcc/arm-none-eabi/8.2.0/../../../../arm-none-eabi/lib/thumb/v7e-m+fp/hard/libc_nano.a(lib_a-fini.o)
__fini_array_start                                /usr/lib/gcc/arm-none-eabi/8.2.0/../../../../arm-none-eabi/lib/thumb/v7e-m+fp/hard/libc_nano.a(lib_a-fini.o)
__init_array_end                                  /usr/lib/gcc/arm-none-eabi/8.2.0/../../../../arm-none-eabi/lib/thumb/v7e-m+fp/hard/libc_nano.a(lib_a-init.o)
__init_array_start                                /usr/lib/gcc/arm-none-eabi/8.2.0/../../../../arm-none-eabi/lib/thumb/v7e-m+fp/hard/libc_nano.a(lib_a-init.o)
__libc_fini_array                                 /usr/lib/gcc/arm-none-eabi/8.2.0/../../../../arm-none-eabi/lib/thumb/v7e-m+fp/hard/libc_nano.a(lib_a-fini.o)
                                                  /usr/lib/gcc/arm-none-eabi/8.2.0/../../../../arm-none-eabi/lib/thumb/v7e-m+fp/hard/crt0.o
__libc_init_array                                 /usr/lib/gcc/arm-none-eabi/8.2.0/../../../../arm-none-eabi/lib/thumb/v7e-m+fp/hard/libc_nano.a(lib_a-init.o)
                                                  build/startup_stm32f401xe.o
                                                  /usr/lib/gcc/arm-none-eabi/8.2.0/../../../../arm-none-eabi/lib/thumb/v7e-m+fp/hard/crt0.o
__on_exit_args                                    /usr/lib/gcc/arm-none-eabi/8.2.0/../../../../arm-none-eabi/lib/thumb/v7e-m+fp/hard/libc_nano.a(lib_a-__atexit.o)
__preinit_array_end                               /usr/lib/gcc/arm-none-eabi/8.2.0/../../../../arm-none-eabi/lib/thumb/v7e-m+fp/hard/libc_nano.a(lib_a-init.o)
__preinit_array_start                             /usr/lib/gcc/arm-none-eabi/8.2.0/../../../../arm-none-eabi/lib/thumb/v7e-m+fp/hard/libc_nano.a(lib_a-init.o)
__register_exitproc                               /usr/lib/gcc/arm-none-eabi/8.2.0/../../../../arm-none-eabi/lib/thumb/v7e-m+fp/hard/libc_nano.a(lib_a-__atexit.o)
                                                  /usr/lib/gcc/arm-none-eabi/8.2.0/../../../../arm-none-eabi/lib/thumb/v7e-m+fp/hard/libc_nano.a(lib_a-atexit.o)
__register_frame_info                             /usr/lib/gcc/arm-none-eabi/8.2.0/thumb/v7e-m+fp/hard/crtbegin.o
__sf_fake_stderr                                  /usr/lib/gcc/arm-none-eabi/8.2.0/../../../../arm-none-eabi/lib/thumb/v7e-m+fp/hard/libc_nano.a(lib_a-impure.o)
__sf_fake_stdin                                   /usr/lib/gcc/arm-none-eabi/8.2.0/../../../../arm-none-eabi/lib/thumb/v7e-m+fp/hard/libc_nano.a(lib_a-impure.o)
__sf_fake_stdout                                  /usr/lib/gcc/arm-none-eabi/8.2.0/../../../../arm-none-eabi/lib/thumb/v7e-m+fp/hard/libc_nano.a(lib_a-impure.o)
__stack                                           /usr/lib/gcc/arm-none-eabi/8.2.0/../../../../arm-none-eabi/lib/thumb/v7e-m+fp/hard/crt0.o
__udivmoddi4                                      /usr/lib/gcc/arm-none-eabi/8.2.0/thumb/v7e-m+fp/hard/libgcc.a(_udivmoddi4.o)
                                                  /usr/lib/gcc/arm-none-eabi/8.2.0/thumb/v7e-m+fp/hard/libgcc.a(_aeabi_uldivmod.o)
_ebss                                             build/startup_stm32f401xe.o
_edata                                            build/startup_stm32f401xe.o
_estack                                           build/startup_stm32f401xe.o
_exit                                             /usr/lib/gcc/arm-none-eabi/8.2.0/../../../../arm-none-eabi/lib/thumb/v7e-m+fp/hard/libnosys.a(_exit.o)
                                                  /usr/lib/gcc/arm-none-eabi/8.2.0/../../../../arm-none-eabi/lib/thumb/v7e-m+fp/hard/libc_nano.a(lib_a-exit.o)
_fini                                             /usr/lib/gcc/arm-none-eabi/8.2.0/thumb/v7e-m+fp/hard/crti.o
                                                  /usr/lib/gcc/arm-none-eabi/8.2.0/../../../../arm-none-eabi/lib/thumb/v7e-m+fp/hard/libc_nano.a(lib_a-fini.o)
_global_atexit                                    /usr/lib/gcc/arm-none-eabi/8.2.0/../../../../arm-none-eabi/lib/thumb/v7e-m+fp/hard/libc_nano.a(lib_a-__call_atexit.o)
                                                  /usr/lib/gcc/arm-none-eabi/8.2.0/../../../../arm-none-eabi/lib/thumb/v7e-m+fp/hard/libc_nano.a(lib_a-__atexit.o)
_global_impure_ptr                                /usr/lib/gcc/arm-none-eabi/8.2.0/../../../../arm-none-eabi/lib/thumb/v7e-m+fp/hard/libc_nano.a(lib_a-impure.o)
                                                  /usr/lib/gcc/arm-none-eabi/8.2.0/../../../../arm-none-eabi/lib/thumb/v7e-m+fp/hard/libc_nano.a(lib_a-exit.o)
_impure_ptr                                       /usr/lib/gcc/arm-none-eabi/8.2.0/../../../../arm-none-eabi/lib/thumb/v7e-m+fp/hard/libc_nano.a(lib_a-impure.o)
_init                                             /usr/lib/gcc/arm-none-eabi/8.2.0/thumb/v7e-m+fp/hard/crti.o
                                                  /usr/lib/gcc/arm-none-eabi/8.2.0/../../../../arm-none-eabi/lib/thumb/v7e-m+fp/hard/libc_nano.a(lib_a-init.o)
_mainCRTStartup                                   /usr/lib/gcc/arm-none-eabi/8.2.0/../../../../arm-none-eabi/lib/thumb/v7e-m+fp/hard/crt0.o
_sbss                                             build/startup_stm32f401xe.o
_sdata                                            build/startup_stm32f401xe.o
_sidata                                           build/startup_stm32f401xe.o
_start                                            /usr/lib/gcc/arm-none-eabi/8.2.0/../../../../arm-none-eabi/lib/thumb/v7e-m+fp/hard/crt0.o
atexit                                            /usr/lib/gcc/arm-none-eabi/8.2.0/../../../../arm-none-eabi/lib/thumb/v7e-m+fp/hard/libc_nano.a(lib_a-atexit.o)
                                                  /usr/lib/gcc/arm-none-eabi/8.2.0/../../../../arm-none-eabi/lib/thumb/v7e-m+fp/hard/crt0.o
exit                                              /usr/lib/gcc/arm-none-eabi/8.2.0/../../../../arm-none-eabi/lib/thumb/v7e-m+fp/hard/libc_nano.a(lib_a-exit.o)
                                                  /usr/lib/gcc/arm-none-eabi/8.2.0/../../../../arm-none-eabi/lib/thumb/v7e-m+fp/hard/crt0.o
g_pfnVectors                                      build/startup_stm32f401xe.o
hardware_init_hook                                /usr/lib/gcc/arm-none-eabi/8.2.0/../../../../arm-none-eabi/lib/thumb/v7e-m+fp/hard/crt0.o
huart2                                            build/usart.o
main                                              build/main.o
                                                  build/startup_stm32f401xe.o
                                                  /usr/lib/gcc/arm-none-eabi/8.2.0/../../../../arm-none-eabi/lib/thumb/v7e-m+fp/hard/crt0.o
malloc                                            /usr/lib/gcc/arm-none-eabi/8.2.0/../../../../arm-none-eabi/lib/thumb/v7e-m+fp/hard/libc_nano.a(lib_a-__atexit.o)
memset                                            /usr/lib/gcc/arm-none-eabi/8.2.0/../../../../arm-none-eabi/lib/thumb/v7e-m+fp/hard/libc_nano.a(lib_a-memset.o)
                                                  /usr/lib/gcc/arm-none-eabi/8.2.0/../../../../arm-none-eabi/lib/thumb/v7e-m+fp/hard/crt0.o
pFlash                                            build/stm32f4xx_hal_flash.o
                                                  build/stm32f4xx_hal_flash_ex.o
software_init_hook                                /usr/lib/gcc/arm-none-eabi/8.2.0/../../../../arm-none-eabi/lib/thumb/v7e-m+fp/hard/crt0.o
uwTick                                            build/stm32f4xx_hal.o
uwTickFreq                                        build/stm32f4xx_hal.o
uwTickPrio                                        build/stm32f4xx_hal.o
