Archive member included to satisfy reference by file (symbol)

/usr/lib/gcc/arm-none-eabi/8.2.0/../../../../arm-none-eabi/lib/thumb/v7e-m+fp/hard/libc_nano.a(lib_a-atexit.o)
                              /usr/lib/gcc/arm-none-eabi/8.2.0/../../../../arm-none-eabi/lib/thumb/v7e-m+fp/hard/crt0.o (atexit)
/usr/lib/gcc/arm-none-eabi/8.2.0/../../../../arm-none-eabi/lib/thumb/v7e-m+fp/hard/libc_nano.a(lib_a-exit.o)
                              /usr/lib/gcc/arm-none-eabi/8.2.0/../../../../arm-none-eabi/lib/thumb/v7e-m+fp/hard/crt0.o (exit)
/usr/lib/gcc/arm-none-eabi/8.2.0/../../../../arm-none-eabi/lib/thumb/v7e-m+fp/hard/libc_nano.a(lib_a-fini.o)
                              /usr/lib/gcc/arm-none-eabi/8.2.0/../../../../arm-none-eabi/lib/thumb/v7e-m+fp/hard/crt0.o (__libc_fini_array)
/usr/lib/gcc/arm-none-eabi/8.2.0/../../../../arm-none-eabi/lib/thumb/v7e-m+fp/hard/libc_nano.a(lib_a-impure.o)
                              /usr/lib/gcc/arm-none-eabi/8.2.0/../../../../arm-none-eabi/lib/thumb/v7e-m+fp/hard/libc_nano.a(lib_a-exit.o) (_global_impure_ptr)
/usr/lib/gcc/arm-none-eabi/8.2.0/../../../../arm-none-eabi/lib/thumb/v7e-m+fp/hard/libc_nano.a(lib_a-init.o)
                              /usr/lib/gcc/arm-none-eabi/8.2.0/../../../../arm-none-eabi/lib/thumb/v7e-m+fp/hard/crt0.o (__libc_init_array)
/usr/lib/gcc/arm-none-eabi/8.2.0/../../../../arm-none-eabi/lib/thumb/v7e-m+fp/hard/libc_nano.a(lib_a-memset.o)
                              /usr/lib/gcc/arm-none-eabi/8.2.0/../../../../arm-none-eabi/lib/thumb/v7e-m+fp/hard/crt0.o (memset)
/usr/lib/gcc/arm-none-eabi/8.2.0/../../../../arm-none-eabi/lib/thumb/v7e-m+fp/hard/libc_nano.a(lib_a-__atexit.o)
                              /usr/lib/gcc/arm-none-eabi/8.2.0/../../../../arm-none-eabi/lib/thumb/v7e-m+fp/hard/libc_nano.a(lib_a-atexit.o) (__register_exitproc)
/usr/lib/gcc/arm-none-eabi/8.2.0/../../../../arm-none-eabi/lib/thumb/v7e-m+fp/hard/libc_nano.a(lib_a-__call_atexit.o)
                              /usr/lib/gcc/arm-none-eabi/8.2.0/../../../../arm-none-eabi/lib/thumb/v7e-m+fp/hard/libc_nano.a(lib_a-__atexit.o) (__call_exitprocs)
/usr/lib/gcc/arm-none-eabi/8.2.0/../../../../arm-none-eabi/lib/thumb/v7e-m+fp/hard/libm.a(lib_a-s_cos.o)
                              build/odometry.o (cos)
/usr/lib/gcc/arm-none-eabi/8.2.0/../../../../arm-none-eabi/lib/thumb/v7e-m+fp/hard/libm.a(lib_a-s_sin.o)
                              build/odometry.o (sin)
/usr/lib/gcc/arm-none-eabi/8.2.0/../../../../arm-none-eabi/lib/thumb/v7e-m+fp/hard/libm.a(lib_a-e_rem_pio2.o)
                              /usr/lib/gcc/arm-none-eabi/8.2.0/../../../../arm-none-eabi/lib/thumb/v7e-m+fp/hard/libm.a(lib_a-s_cos.o) (__ieee754_rem_pio2)
/usr/lib/gcc/arm-none-eabi/8.2.0/../../../../arm-none-eabi/lib/thumb/v7e-m+fp/hard/libm.a(lib_a-k_cos.o)
                              /usr/lib/gcc/arm-none-eabi/8.2.0/../../../../arm-none-eabi/lib/thumb/v7e-m+fp/hard/libm.a(lib_a-s_cos.o) (__kernel_cos)
/usr/lib/gcc/arm-none-eabi/8.2.0/../../../../arm-none-eabi/lib/thumb/v7e-m+fp/hard/libm.a(lib_a-k_rem_pio2.o)
                              /usr/lib/gcc/arm-none-eabi/8.2.0/../../../../arm-none-eabi/lib/thumb/v7e-m+fp/hard/libm.a(lib_a-e_rem_pio2.o) (__kernel_rem_pio2)
/usr/lib/gcc/arm-none-eabi/8.2.0/../../../../arm-none-eabi/lib/thumb/v7e-m+fp/hard/libm.a(lib_a-k_sin.o)
                              /usr/lib/gcc/arm-none-eabi/8.2.0/../../../../arm-none-eabi/lib/thumb/v7e-m+fp/hard/libm.a(lib_a-s_cos.o) (__kernel_sin)
/usr/lib/gcc/arm-none-eabi/8.2.0/../../../../arm-none-eabi/lib/thumb/v7e-m+fp/hard/libm.a(lib_a-s_fabs.o)
                              /usr/lib/gcc/arm-none-eabi/8.2.0/../../../../arm-none-eabi/lib/thumb/v7e-m+fp/hard/libm.a(lib_a-e_rem_pio2.o) (fabs)
/usr/lib/gcc/arm-none-eabi/8.2.0/../../../../arm-none-eabi/lib/thumb/v7e-m+fp/hard/libm.a(lib_a-s_floor.o)
                              /usr/lib/gcc/arm-none-eabi/8.2.0/../../../../arm-none-eabi/lib/thumb/v7e-m+fp/hard/libm.a(lib_a-k_rem_pio2.o) (floor)
/usr/lib/gcc/arm-none-eabi/8.2.0/../../../../arm-none-eabi/lib/thumb/v7e-m+fp/hard/libm.a(lib_a-s_scalbn.o)
                              /usr/lib/gcc/arm-none-eabi/8.2.0/../../../../arm-none-eabi/lib/thumb/v7e-m+fp/hard/libm.a(lib_a-k_rem_pio2.o) (scalbn)
/usr/lib/gcc/arm-none-eabi/8.2.0/../../../../arm-none-eabi/lib/thumb/v7e-m+fp/hard/libnosys.a(_exit.o)
                              /usr/lib/gcc/arm-none-eabi/8.2.0/../../../../arm-none-eabi/lib/thumb/v7e-m+fp/hard/libc_nano.a(lib_a-exit.o) (_exit)
/usr/lib/gcc/arm-none-eabi/8.2.0/thumb/v7e-m+fp/hard/libgcc.a(_arm_addsubdf3.o)
                              build/main.o (__aeabi_dsub)
/usr/lib/gcc/arm-none-eabi/8.2.0/thumb/v7e-m+fp/hard/libgcc.a(_arm_muldivdf3.o)
                              build/main.o (__aeabi_dmul)
/usr/lib/gcc/arm-none-eabi/8.2.0/thumb/v7e-m+fp/hard/libgcc.a(_arm_cmpdf2.o)
                              /usr/lib/gcc/arm-none-eabi/8.2.0/../../../../arm-none-eabi/lib/thumb/v7e-m+fp/hard/libm.a(lib_a-e_rem_pio2.o) (__aeabi_dcmpeq)
[...]
Memory Configuration

Name             Origin             Length             Attributes
RAM              0x0000000020000000 0x0000000000003000 xrw
CCMRAM           0x0000000010000000 0x0000000000001000 rw
FLASH            0x0000000008000000 0x0000000000010000 xr
*default*        0x0000000000000000 0xffffffffffffffff

Linker script and memory map

LOAD /usr/lib/gcc/arm-none-eabi/8.2.0/thumb/v7e-m+fp/hard/crti.o
LOAD /usr/lib/gcc/arm-none-eabi/8.2.0/thumb/v7e-m+fp/hard/crtbegin.o
LOAD /usr/lib/gcc/arm-none-eabi/8.2.0/../../../../arm-none-eabi/lib/thumb/v7e-m+fp/hard/crt0.o
LOAD build/main.o
LOAD build/gpio.o
LOAD build/usart.o
LOAD build/dma.o
LOAD build/i2c.o
LOAD build/tim.o
LOAD build/wwdg.o
LOAD build/stm32f3xx_it.o
LOAD build/stm32f3xx_hal_msp.o
LOAD build/odometry.o
LOAD build/encoder.o
LOAD build/stm32f3xx_ll_utils.o
LOAD build/stm32f3xx_ll_exti.o
LOAD build/stm32f3xx_hal_i2c.o
LOAD build/stm32f3xx_hal_i2c_ex.o
LOAD build/stm32f3xx_hal_tim.o
LOAD build/stm32f3xx_hal_tim_ex.o
LOAD build/stm32f3xx_ll_usart.o
LOAD build/stm32f3xx_ll_rcc.o
LOAD build/stm32f3xx_ll_gpio.o
LOAD build/stm32f3xx_ll_dma.o
LOAD build/stm32f3xx_hal_wwdg.o
LOAD build/stm32f3xx_hal.o
LOAD build/stm32f3xx_hal_rcc.o
LOAD build/stm32f3xx_hal_rcc_ex.o
LOAD build/stm32f3xx_hal_gpio.o
LOAD build/stm32f3xx_hal_dma.o
LOAD build/stm32f3xx_hal_cortex.o
LOAD build/stm32f3xx_hal_pwr.o
LOAD build/stm32f3xx_hal_pwr_ex.o
LOAD build/stm32f3xx_hal_flash.o
LOAD build/stm32f3xx_hal_flash_ex.o
LOAD build/system_stm32f3xx.o
LOAD build/startup_stm32f401xe.o
LOAD /usr/lib/gcc/arm-none-eabi/8.2.0/../../../../arm-none-eabi/lib/thumb/v7e-m+fp/hard/libc_nano.a
LOAD /usr/lib/gcc/arm-none-eabi/8.2.0/../../../../arm-none-eabi/lib/thumb/v7e-m+fp/hard/libm.a
LOAD /usr/lib/gcc/arm-none-eabi/8.2.0/../../../../arm-none-eabi/lib/thumb/v7e-m+fp/hard/libnosys.a
START GROUP
LOAD /usr/lib/gcc/arm-none-eabi/8.2.0/thumb/v7e-m+fp/hard/libgcc.a
LOAD /usr/lib/gcc/arm-none-eabi/8.2.0/../../../../arm-none-eabi/lib/thumb/v7e-m+fp/hard/libc_nano.a
END GROUP
START GROUP
LOAD /usr/lib/gcc/arm-none-eabi/8.2.0/thumb/v7e-m+fp/hard/libgcc.a
LOAD /usr/lib/gcc/arm-none-eabi/8.2.0/../../../../arm-none-eabi/lib/thumb/v7e-m+fp/hard/libc_nano.a
END GROUP
LOAD /usr/lib/gcc/arm-none-eabi/8.2.0/thumb/v7e-m+fp/hard/crtend.o
LOAD /usr/lib/gcc/arm-none-eabi/8.2.0/thumb/v7e-m+fp/hard/crtn.o
                0x0000000020003000                _estack = 0x20003000
                0x0000000000000200                _Min_Heap_Size = 0x200
                0x0000000000000400                _Min_Stack_Size = 0x400

.isr_vector     0x0000000008000000      0x194
                0x0000000008000000                . = ALIGN (0x4)
 *(.isr_vector)
 .isr_vector    0x0000000008000000      0x194 build/startup_stm32f401xe.o
                0x0000000008000000                g_pfnVectors
                0x0000000008000194                . = ALIGN (0x4)

.text           0x0000000008000194     0x2f10
                0x0000000008000194                . = ALIGN (0x4)
 *(.text)
 .text          0x0000000008000194      0x378 /usr/lib/gcc/arm-none-eabi/8.2.0/thumb/v7e-m+fp/hard/libgcc.a(_arm_addsubdf3.o)
                0x0000000008000194                __aeabi_drsub
                0x000000000800019c                __aeabi_dsub
                0x000000000800019c                __subdf3
                0x00000000080001a0                __adddf3
                0x00000000080001a0                __aeabi_dadd
                0x0000000008000418                __aeabi_ui2d
                0x0000000008000418                __floatunsidf
                0x0000000008000438                __floatsidf
                0x0000000008000438                __aeabi_i2d
                0x000000000800045c                __extendsfdf2
                0x000000000800045c                __aeabi_f2d
                0x00000000080004a0                __aeabi_ul2d
                0x00000000080004a0                __floatundidf
                0x00000000080004b0                __floatdidf
                0x00000000080004b0                __aeabi_l2d
 .text          0x000000000800050c      0x424 /usr/lib/gcc/arm-none-eabi/8.2.0/thumb/v7e-m+fp/hard/libgcc.a(_arm_muldivdf3.o)
                0x000000000800050c                __aeabi_dmul
                0x000000000800050c                __muldf3
                0x0000000008000760                __aeabi_ddiv
                0x0000000008000760                __divdf3
 .text          0x0000000008000930       0x50 /usr/lib/gcc/arm-none-eabi/8.2.0/thumb/v7e-m+fp/hard/libgcc.a(_arm_fixdfsi.o)
                0x0000000008000930                __fixdfsi
                0x0000000008000930                __aeabi_d2iz
 *(.text*)
 .text.__do_global_dtors_aux
                0x0000000008000980       0x24 /usr/lib/gcc/arm-none-eabi/8.2.0/thumb/v7e-m+fp/hard/crtbegin.o
 .text.frame_dummy
                0x00000000080009a4       0x1c /usr/lib/gcc/arm-none-eabi/8.2.0/thumb/v7e-m+fp/hard/crtbegin.o
 .text.SystemClock_Config
                0x00000000080009c0       0x8c build/main.o
                0x00000000080009c0                SystemClock_Config
 .text.startup.main
                0x0000000008000a4c      0x2f8 build/main.o
                0x0000000008000a4c                main
 .text._Error_Handler
                0x0000000008000d44        0x4 build/main.o
                0x0000000008000d44                _Error_Handler
 .text.MX_GPIO_Init
                0x0000000008000d48       0xac build/gpio.o
                0x0000000008000d48                MX_GPIO_Init
 .text.MX_USART2_UART_Init
                0x0000000008000df4       0xe4 build/usart.o
                0x0000000008000df4                MX_USART2_UART_Init
 .text.MX_DMA_Init
                0x0000000008000ed8       0x40 build/dma.o
                0x0000000008000ed8                MX_DMA_Init
 .text.MX_I2C1_Init
                0x0000000008000f18       0x80 build/i2c.o
                0x0000000008000f18                MX_I2C1_Init
 .text.HAL_I2C_MspInit
                0x0000000008000f98       0x50 build/i2c.o
                0x0000000008000f98                HAL_I2C_MspInit
 .text.MX_TIM1_Init
                0x0000000008000fe8       0x80 build/tim.o
                0x0000000008000fe8                MX_TIM1_Init
 .text.MX_TIM2_Init
                0x0000000008001068       0x78 build/tim.o
                0x0000000008001068                MX_TIM2_Init
 .text.MX_TIM3_Init
                0x00000000080010e0      0x114 build/tim.o
                0x00000000080010e0                MX_TIM3_Init
 .text.MX_TIM15_Init
                0x00000000080011f4       0x78 build/tim.o
                0x00000000080011f4                MX_TIM15_Init
 .text.HAL_TIM_Encoder_MspInit
                0x000000000800126c       0x9c build/tim.o
                0x000000000800126c                HAL_TIM_Encoder_MspInit
 .text.HAL_TIM_Base_MspInit
                0x0000000008001308       0x68 build/tim.o
                0x0000000008001308                HAL_TIM_Base_MspInit
 .text.MX_WWDG_Init
                0x0000000008001370       0x40 build/wwdg.o
                0x0000000008001370                MX_WWDG_Init
 .text.HAL_WWDG_MspInit
                0x00000000080013b0       0x2c build/wwdg.o
                0x00000000080013b0                HAL_WWDG_MspInit
 .text.NMI_Handler
                0x00000000080013dc        0x4 build/stm32f3xx_it.o
                0x00000000080013dc                NMI_Handler
 .text.HardFault_Handler
                0x00000000080013e0        0x4 build/stm32f3xx_it.o
                0x00000000080013e0                HardFault_Handler
 .text.MemManage_Handler
                0x00000000080013e4        0x4 build/stm32f3xx_it.o
                0x00000000080013e4                MemManage_Handler
 .text.BusFault_Handler
                0x00000000080013e8        0x4 build/stm32f3xx_it.o
                0x00000000080013e8                BusFault_Handler
 .text.UsageFault_Handler
                0x00000000080013ec        0x4 build/stm32f3xx_it.o
                0x00000000080013ec                UsageFault_Handler
 .text.SVC_Handler
                0x00000000080013f0        0x4 build/stm32f3xx_it.o
                0x00000000080013f0                SVC_Handler
 .text.DebugMon_Handler
                0x00000000080013f4        0x4 build/stm32f3xx_it.o
                0x00000000080013f4                DebugMon_Handler
 .text.PendSV_Handler
                0x00000000080013f8        0x4 build/stm32f3xx_it.o
                0x00000000080013f8                PendSV_Handler
 .text.SysTick_Handler
                0x00000000080013fc       0x10 build/stm32f3xx_it.o
                0x00000000080013fc                SysTick_Handler
 .text.USART2_IRQHandler
                0x000000000800140c        0x4 build/stm32f3xx_it.o
                0x000000000800140c                USART2_IRQHandler
 .text.HAL_MspInit
                0x0000000008001410       0x7c build/stm32f3xx_hal_msp.o
                0x0000000008001410                HAL_MspInit
 .text.init_odometry
                0x000000000800148c       0x38 build/odometry.o
                0x000000000800148c                init_odometry
 .text.init_encoder
                0x00000000080014c4        0xc build/encoder.o
                0x00000000080014c4                init_encoder
 .text.start_encoder
                0x00000000080014d0        0x8 build/encoder.o
                0x00000000080014d0                start_encoder
 .text.HAL_I2C_Init
                0x00000000080014d8       0xac build/stm32f3xx_hal_i2c.o
                0x00000000080014d8                HAL_I2C_Init
 .text.HAL_I2CEx_ConfigAnalogFilter
                0x0000000008001584       0x54 build/stm32f3xx_hal_i2c_ex.o
                0x0000000008001584                HAL_I2CEx_ConfigAnalogFilter
 .text.HAL_I2CEx_ConfigDigitalFilter
                0x00000000080015d8       0x50 build/stm32f3xx_hal_i2c_ex.o
                0x00000000080015d8                HAL_I2CEx_ConfigDigitalFilter
 .text.HAL_TIM_Base_Init
                0x0000000008001628       0xb0 build/stm32f3xx_hal_tim.o
                0x0000000008001628                HAL_TIM_Base_Init
 .text.HAL_TIM_Base_Start_IT
                0x00000000080016d8       0x18 build/stm32f3xx_hal_tim.o
                0x00000000080016d8                HAL_TIM_Base_Start_IT
 .text.HAL_TIM_PWM_MspInit
                0x00000000080016f0        0x4 build/stm32f3xx_hal_tim.o
                0x00000000080016f0                HAL_TIM_PWM_MspInit
 .text.HAL_TIM_PWM_Init
                0x00000000080016f4       0xb0 build/stm32f3xx_hal_tim.o
                0x00000000080016f4                HAL_TIM_PWM_Init
 .text.HAL_TIM_PWM_Start
                0x00000000080017a4       0x54 build/stm32f3xx_hal_tim.o
                0x00000000080017a4                HAL_TIM_PWM_Start
 .text.HAL_TIM_Encoder_Init
                0x00000000080017f8      0x13c build/stm32f3xx_hal_tim.o
                0x00000000080017f8                HAL_TIM_Encoder_Init
 .text.HAL_TIM_Encoder_Start
                0x0000000008001934       0x48 build/stm32f3xx_hal_tim.o
                0x0000000008001934                HAL_TIM_Encoder_Start
 .text.HAL_TIM_ConfigClockSource
                0x000000000800197c      0x194 build/stm32f3xx_hal_tim.o
                0x000000000800197c                HAL_TIM_ConfigClockSource
 .text.TIM_OC1_SetConfig
                0x0000000008001b10       0x70 build/stm32f3xx_hal_tim.o
                0x0000000008001b10                TIM_OC1_SetConfig
 .text.TIM_OC2_SetConfig
                0x0000000008001b80       0x7c build/stm32f3xx_hal_tim.o
                0x0000000008001b80                TIM_OC2_SetConfig
 .text.TIM_OC3_SetConfig
                0x0000000008001bfc       0x7c build/stm32f3xx_hal_tim.o
                0x0000000008001bfc                TIM_OC3_SetConfig
 .text.TIM_OC4_SetConfig
                0x0000000008001c78       0x64 build/stm32f3xx_hal_tim.o
                0x0000000008001c78                TIM_OC4_SetConfig
 .text.HAL_TIM_PWM_ConfigChannel
                0x0000000008001cdc      0x214 build/stm32f3xx_hal_tim_ex.o
                0x0000000008001cdc                HAL_TIM_PWM_ConfigChannel
 .text.HAL_TIMEx_MasterConfigSynchronization
                0x0000000008001ef0       0x4c build/stm32f3xx_hal_tim_ex.o
                0x0000000008001ef0                HAL_TIMEx_MasterConfigSynchronization
 .text.LL_USART_Init
                0x0000000008001f3c       0xb8 build/stm32f3xx_ll_usart.o
                0x0000000008001f3c                LL_USART_Init
 .text.LL_RCC_GetSystemClocksFreq
                0x0000000008001ff4       0x90 build/stm32f3xx_ll_rcc.o
                0x0000000008001ff4                LL_RCC_GetSystemClocksFreq
 .text.LL_RCC_GetUSARTClockFreq
                0x0000000008002084       0xec build/stm32f3xx_ll_rcc.o
                0x0000000008002084                LL_RCC_GetUSARTClockFreq
 .text.LL_GPIO_Init
                0x0000000008002170      0x158 build/stm32f3xx_ll_gpio.o
                0x0000000008002170                LL_GPIO_Init
 .text.HAL_WWDG_Init
                0x00000000080022c8       0x28 build/stm32f3xx_hal_wwdg.o
                0x00000000080022c8                HAL_WWDG_Init
 .text.HAL_InitTick
                0x00000000080022f0       0x2c build/stm32f3xx_hal.o
                0x00000000080022f0                HAL_InitTick
 .text.HAL_Init
                0x000000000800231c       0x24 build/stm32f3xx_hal.o
                0x000000000800231c                HAL_Init
 .text.HAL_IncTick
                0x0000000008002340       0x10 build/stm32f3xx_hal.o
                0x0000000008002340                HAL_IncTick
 .text.HAL_GetTick
                0x0000000008002350        0xc build/stm32f3xx_hal.o
                0x0000000008002350                HAL_GetTick
 .text.HAL_Delay
                0x000000000800235c       0x24 build/stm32f3xx_hal.o
                0x000000000800235c                HAL_Delay
 .text.HAL_RCC_OscConfig
                0x0000000008002380      0x5a4 build/stm32f3xx_hal_rcc.o
                0x0000000008002380                HAL_RCC_OscConfig
 .text.HAL_RCC_ClockConfig
                0x0000000008002924      0x20c build/stm32f3xx_hal_rcc.o
                0x0000000008002924                HAL_RCC_ClockConfig
 .text.HAL_RCC_GetHCLKFreq
                0x0000000008002b30        0xc build/stm32f3xx_hal_rcc.o
                0x0000000008002b30                HAL_RCC_GetHCLKFreq
 .text.HAL_RCCEx_PeriphCLKConfig
                0x0000000008002b3c      0x178 build/stm32f3xx_hal_rcc_ex.o
                0x0000000008002b3c                HAL_RCCEx_PeriphCLKConfig
 .text.HAL_GPIO_Init
                0x0000000008002cb4      0x1c0 build/stm32f3xx_hal_gpio.o
                0x0000000008002cb4                HAL_GPIO_Init
 .text.HAL_GPIO_WritePin
                0x0000000008002e74        0xc build/stm32f3xx_hal_gpio.o
                0x0000000008002e74                HAL_GPIO_WritePin
 .text.HAL_NVIC_SetPriorityGrouping
                0x0000000008002e80       0x24 build/stm32f3xx_hal_cortex.o
                0x0000000008002e80                HAL_NVIC_SetPriorityGrouping
 .text.HAL_NVIC_SetPriority
                0x0000000008002ea4       0x6c build/stm32f3xx_hal_cortex.o
                0x0000000008002ea4                HAL_NVIC_SetPriority
 .text.HAL_NVIC_EnableIRQ
                0x0000000008002f10       0x18 build/stm32f3xx_hal_cortex.o
                0x0000000008002f10                HAL_NVIC_EnableIRQ
 .text.HAL_SYSTICK_Config
                0x0000000008002f28       0x34 build/stm32f3xx_hal_cortex.o
                0x0000000008002f28                HAL_SYSTICK_Config
 .text.HAL_SYSTICK_CLKSourceConfig
                0x0000000008002f5c       0x18 build/stm32f3xx_hal_cortex.o
                0x0000000008002f5c                HAL_SYSTICK_CLKSourceConfig
 .text.HAL_SYSTICK_Callback
                0x0000000008002f74        0x4 build/stm32f3xx_hal_cortex.o
                0x0000000008002f74                HAL_SYSTICK_Callback
 .text.HAL_SYSTICK_IRQHandler
                0x0000000008002f78        0x8 build/stm32f3xx_hal_cortex.o
                0x0000000008002f78                HAL_SYSTICK_IRQHandler
 .text.SystemInit
                0x0000000008002f80       0x70 build/system_stm32f3xx.o
                0x0000000008002f80                SystemInit
 .text.Reset_Handler
                0x0000000008002ff0       0x50 build/startup_stm32f401xe.o
                0x0000000008002ff0                Reset_Handler
 .text.Default_Handler
                0x0000000008003040        0x2 build/startup_stm32f401xe.o
                0x0000000008003040                RTC_Alarm_IRQHandler
                0x0000000008003040                EXTI2_IRQHandler
                0x0000000008003040                SPI4_IRQHandler
                0x0000000008003040                TIM1_CC_IRQHandler
                0x0000000008003040                DMA2_Stream5_IRQHandler
                0x0000000008003040                DMA1_Stream5_IRQHandler
                0x0000000008003040                PVD_IRQHandler
                0x0000000008003040                SDIO_IRQHandler
                0x0000000008003040                TAMP_STAMP_IRQHandler
                0x0000000008003040                EXTI3_IRQHandler
                0x0000000008003040                TIM1_UP_TIM10_IRQHandler
                0x0000000008003040                I2C3_ER_IRQHandler
                0x0000000008003040                EXTI0_IRQHandler
                0x0000000008003040                I2C2_EV_IRQHandler
                0x0000000008003040                DMA1_Stream2_IRQHandler
                0x0000000008003040                FPU_IRQHandler
                0x0000000008003040                DMA2_Stream2_IRQHandler
                0x0000000008003040                SPI1_IRQHandler
                0x0000000008003040                TIM1_BRK_TIM9_IRQHandler
                0x0000000008003040                DMA2_Stream3_IRQHandler
                0x0000000008003040                USART6_IRQHandler
                0x0000000008003040                DMA2_Stream0_IRQHandler
                0x0000000008003040                TIM4_IRQHandler
                0x0000000008003040                I2C1_EV_IRQHandler
                0x0000000008003040                DMA1_Stream6_IRQHandler
                0x0000000008003040                DMA1_Stream1_IRQHandler
                0x0000000008003040                TIM3_IRQHandler
                0x0000000008003040                RCC_IRQHandler
                0x0000000008003040                Default_Handler
                0x0000000008003040                EXTI15_10_IRQHandler
                0x0000000008003040                ADC_IRQHandler
                0x0000000008003040                DMA1_Stream7_IRQHandler
                0x0000000008003040                TIM5_IRQHandler
                0x0000000008003040                DMA2_Stream7_IRQHandler
                0x0000000008003040                I2C3_EV_IRQHandler
                0x0000000008003040                EXTI9_5_IRQHandler
                0x0000000008003040                RTC_WKUP_IRQHandler
                0x0000000008003040                SPI2_IRQHandler
                0x0000000008003040                DMA1_Stream0_IRQHandler
                0x0000000008003040                EXTI4_IRQHandler
                0x0000000008003040                WWDG_IRQHandler
                0x0000000008003040                TIM2_IRQHandler
                0x0000000008003040                OTG_FS_WKUP_IRQHandler
                0x0000000008003040                TIM1_TRG_COM_TIM11_IRQHandler
                0x0000000008003040                EXTI1_IRQHandler
                0x0000000008003040                I2C2_ER_IRQHandler
                0x0000000008003040                DMA2_Stream1_IRQHandler
                0x0000000008003040                FLASH_IRQHandler
                0x0000000008003040                DMA2_Stream4_IRQHandler
                0x0000000008003040                USART1_IRQHandler
                0x0000000008003040                OTG_FS_IRQHandler
                0x0000000008003040                SPI3_IRQHandler
                0x0000000008003040                DMA1_Stream4_IRQHandler
                0x0000000008003040                I2C1_ER_IRQHandler
                0x0000000008003040                DMA2_Stream6_IRQHandler
                0x0000000008003040                DMA1_Stream3_IRQHandler
 *fill*         0x0000000008003042        0x2 
 .text.__libc_init_array
                0x0000000008003044       0x48 /usr/lib/gcc/arm-none-eabi/8.2.0/../../../../arm-none-eabi/lib/thumb/v7e-m+fp/hard/libc_nano.a(lib_a-init.o)
                0x0000000008003044                __libc_init_array
 *(.glue_7)
 .glue_7        0x000000000800308c        0x0 linker stubs
 *(.glue_7t)
 .glue_7t       0x000000000800308c        0x0 linker stubs
 *(.eh_frame)
 .eh_frame      0x000000000800308c        0x0 /usr/lib/gcc/arm-none-eabi/8.2.0/thumb/v7e-m+fp/hard/crtbegin.o
 *(.init)
 .init          0x000000000800308c        0x4 /usr/lib/gcc/arm-none-eabi/8.2.0/thumb/v7e-m+fp/hard/crti.o
                0x000000000800308c                _init
 .init          0x0000000008003090        0x8 /usr/lib/gcc/arm-none-eabi/8.2.0/thumb/v7e-m+fp/hard/crtn.o
 *(.fini)
 .fini          0x0000000008003098        0x4 /usr/lib/gcc/arm-none-eabi/8.2.0/thumb/v7e-m+fp/hard/crti.o
                0x0000000008003098                _fini
 .fini          0x000000000800309c        0x8 /usr/lib/gcc/arm-none-eabi/8.2.0/thumb/v7e-m+fp/hard/crtn.o
                0x00000000080030a4                . = ALIGN (0x4)
                0x00000000080030a4                _etext = .

.vfp11_veneer   0x00000000080030a4        0x0
 .vfp11_veneer  0x00000000080030a4        0x0 linker stubs

.v4_bx          0x00000000080030a4        0x0
 .v4_bx         0x00000000080030a4        0x0 linker stubs

.iplt           0x00000000080030a4        0x0
 .iplt          0x00000000080030a4        0x0 /usr/lib/gcc/arm-none-eabi/8.2.0/thumb/v7e-m+fp/hard/crtbegin.o

.rodata         0x00000000080030a4       0x5c
                0x00000000080030a4                . = ALIGN (0x4)
 *(.rodata)
 *(.rodata*)
 .rodata.MX_I2C1_Init.str1.4
                0x00000000080030a4        0xa build/i2c.o
 *fill*         0x00000000080030ae        0x2 
 .rodata.MX_TIM1_Init.str1.4
                0x00000000080030b0        0xa build/tim.o
 *fill*         0x00000000080030ba        0x2 
 .rodata.MX_WWDG_Init.str1.4
                0x00000000080030bc        0xc build/wwdg.o
                                          0xb (size before relaxing)
 .rodata.aPLLMULFactorTable
                0x00000000080030c8       0x10 build/stm32f3xx_hal_rcc.o
                0x00000000080030c8                aPLLMULFactorTable
 .rodata.aPredivFactorTable
                0x00000000080030d8       0x10 build/stm32f3xx_hal_rcc.o
                0x00000000080030d8                aPredivFactorTable
 .rodata.AHBPrescTable
                0x00000000080030e8       0x10 build/system_stm32f3xx.o
                0x00000000080030e8                AHBPrescTable
 .rodata.APBPrescTable
                0x00000000080030f8        0x8 build/system_stm32f3xx.o
                0x00000000080030f8                APBPrescTable
                0x0000000008003100                . = ALIGN (0x4)

.rel.dyn        0x0000000008003100        0x0
 .rel.iplt      0x0000000008003100        0x0 /usr/lib/gcc/arm-none-eabi/8.2.0/thumb/v7e-m+fp/hard/crtbegin.o

.ARM.extab
 *(.ARM.extab* .gnu.linkonce.armextab.*)

.ARM            0x0000000008003100        0x0
                0x0000000008003100                __exidx_start = .
 *(.ARM.exidx*)
                0x0000000008003100                __exidx_end = .

.preinit_array  0x0000000008003100        0x0
                0x0000000008003100                PROVIDE (__preinit_array_start = .)
 *(.preinit_array*)
                0x0000000008003100                PROVIDE (__preinit_array_end = .)

.init_array     0x0000000008003100        0x4
                0x0000000008003100                PROVIDE (__init_array_start = .)
 *(SORT_BY_NAME(.init_array.*))
 *(.init_array*)
 .init_array    0x0000000008003100        0x4 /usr/lib/gcc/arm-none-eabi/8.2.0/thumb/v7e-m+fp/hard/crtbegin.o
                0x0000000008003104                PROVIDE (__init_array_end = .)

.fini_array     0x0000000008003104        0x4
                0x0000000008003104                PROVIDE (__fini_array_start = .)
 *(SORT_BY_NAME(.fini_array.*))
 *(.fini_array*)
 .fini_array    0x0000000008003104        0x4 /usr/lib/gcc/arm-none-eabi/8.2.0/thumb/v7e-m+fp/hard/crtbegin.o
                0x0000000008003108                PROVIDE (__fini_array_end = .)
                0x0000000008003108                _sidata = LOADADDR (.data)

.data           0x0000000020000000        0x4 load address 0x0000000008003108
                0x0000000020000000                . = ALIGN (0x4)
                0x0000000020000000                _sdata = .
 *(.data)
 *(.data*)
 .data.SystemCoreClock
                0x0000000020000000        0x4 build/system_stm32f3xx.o
                0x0000000020000000                SystemCoreClock
                0x0000000020000004                . = ALIGN (0x4)
                0x0000000020000004                _edata = .
                0x000000000800310c                _siccmram = LOADADDR (.ccmram)

.igot.plt       0x0000000020000004        0x0 load address 0x000000000800310c
 .igot.plt      0x0000000020000004        0x0 /usr/lib/gcc/arm-none-eabi/8.2.0/thumb/v7e-m+fp/hard/crtbegin.o

.ccmram         0x0000000010000000        0x0 load address 0x000000000800310c
                0x0000000010000000                . = ALIGN (0x4)
                0x0000000010000000                _sccmram = .
 *(.ccmram)
 *(.ccmram*)
                0x0000000010000000                . = ALIGN (0x4)
                0x0000000010000000                _eccmram = .
                0x0000000010000000                . = ALIGN (0x4)

.bss            0x0000000020000004      0x1f0
                0x0000000020000004                _sbss = .
                0x0000000020000004                __bss_start__ = _sbss
 *(.bss)
 *(.bss*)
 .bss.completed.10163
                0x0000000020000004        0x1 /usr/lib/gcc/arm-none-eabi/8.2.0/thumb/v7e-m+fp/hard/crtbegin.o
 *fill*         0x0000000020000005        0x3 
 .bss.object.10168
                0x0000000020000008       0x18 /usr/lib/gcc/arm-none-eabi/8.2.0/thumb/v7e-m+fp/hard/crtbegin.o
 *(COMMON)
 COMMON         0x0000000020000020       0x70 build/main.o
                0x0000000020000020                odometry
                0x0000000020000050                pidValDiff
                0x0000000020000070                pidValSum
 COMMON         0x0000000020000090       0x4c build/i2c.o
                0x0000000020000090                hi2c1
 COMMON         0x00000000200000dc      0x100 build/tim.o
                0x00000000200000dc                htim15
                0x000000002000011c                htim3
                0x000000002000015c                htim1
                0x000000002000019c                htim2
 COMMON         0x00000000200001dc       0x14 build/wwdg.o
                0x00000000200001dc                hwwdg
 COMMON         0x00000000200001f0        0x4 build/stm32f3xx_hal.o
                0x00000000200001f0                uwTick
                0x00000000200001f4                . = ALIGN (0x4)
                0x00000000200001f4                _ebss = .
                0x00000000200001f4                __bss_end__ = _ebss

._user_heap_stack
                0x00000000200001f4      0x604
                0x00000000200001f8                . = ALIGN (0x8)
 *fill*         0x00000000200001f4        0x4 
                [!provide]                        PROVIDE (end = .)
                [!provide]                        PROVIDE (_end = .)
                0x00000000200003f8                . = (. + _Min_Heap_Size)
 *fill*         0x00000000200001f8      0x200 
                0x00000000200007f8                . = (. + _Min_Stack_Size)
 *fill*         0x00000000200003f8      0x400 
                0x00000000200007f8                . = ALIGN (0x8)

/DISCARD/
 libc.a(*)
 libm.a(*)
 libgcc.a(*)

.ARM.attributes
                0x0000000000000000       0x30
 *(.ARM.attributes)
 .ARM.attributes
                0x0000000000000000       0x1e /usr/lib/gcc/arm-none-eabi/8.2.0/thumb/v7e-m+fp/hard/crti.o
 .ARM.attributes
                0x000000000000001e       0x34 /usr/lib/gcc/arm-none-eabi/8.2.0/thumb/v7e-m+fp/hard/crtbegin.o
 .ARM.attributes
                0x0000000000000052       0x34 build/main.o
 .ARM.attributes
                0x0000000000000086       0x34 build/gpio.o
 .ARM.attributes
                0x00000000000000ba       0x34 build/usart.o
 .ARM.attributes
                0x00000000000000ee       0x34 build/dma.o
 .ARM.attributes
                0x0000000000000122       0x34 build/i2c.o
 .ARM.attributes
                0x0000000000000156       0x34 build/tim.o
 .ARM.attributes
                0x000000000000018a       0x34 build/wwdg.o
 .ARM.attributes
                0x00000000000001be       0x34 build/stm32f3xx_it.o
 .ARM.attributes
                0x00000000000001f2       0x34 build/stm32f3xx_hal_msp.o
 .ARM.attributes
                0x0000000000000226       0x34 build/odometry.o
 .ARM.attributes
                0x000000000000025a       0x34 build/encoder.o
 .ARM.attributes
                0x000000000000028e       0x34 build/stm32f3xx_hal_i2c.o
 .ARM.attributes
                0x00000000000002c2       0x34 build/stm32f3xx_hal_i2c_ex.o
 .ARM.attributes
                0x00000000000002f6       0x34 build/stm32f3xx_hal_tim.o
 .ARM.attributes
                0x000000000000032a       0x34 build/stm32f3xx_hal_tim_ex.o
 .ARM.attributes
                0x000000000000035e       0x34 build/stm32f3xx_ll_usart.o
 .ARM.attributes
                0x0000000000000392       0x34 build/stm32f3xx_ll_rcc.o
 .ARM.attributes
                0x00000000000003c6       0x34 build/stm32f3xx_ll_gpio.o
 .ARM.attributes
                0x00000000000003fa       0x34 build/stm32f3xx_hal_wwdg.o
 .ARM.attributes
                0x000000000000042e       0x34 build/stm32f3xx_hal.o
 .ARM.attributes
                0x0000000000000462       0x34 build/stm32f3xx_hal_rcc.o
 .ARM.attributes
                0x0000000000000496       0x34 build/stm32f3xx_hal_rcc_ex.o
 .ARM.attributes
                0x00000000000004ca       0x34 build/stm32f3xx_hal_gpio.o
 .ARM.attributes
                0x00000000000004fe       0x34 build/stm32f3xx_hal_cortex.o
 .ARM.attributes
                0x0000000000000532       0x34 build/system_stm32f3xx.o
 .ARM.attributes
                0x0000000000000566       0x21 build/startup_stm32f401xe.o
 .ARM.attributes
                0x0000000000000587       0x34 /usr/lib/gcc/arm-none-eabi/8.2.0/../../../../arm-none-eabi/lib/thumb/v7e-m+fp/hard/libc_nano.a(lib_a-init.o)
 .ARM.attributes
                0x00000000000005bb       0x1e /usr/lib/gcc/arm-none-eabi/8.2.0/thumb/v7e-m+fp/hard/libgcc.a(_arm_addsubdf3.o)
 .ARM.attributes
                0x00000000000005d9       0x1e /usr/lib/gcc/arm-none-eabi/8.2.0/thumb/v7e-m+fp/hard/libgcc.a(_arm_muldivdf3.o)
 .ARM.attributes
                0x00000000000005f7       0x1e /usr/lib/gcc/arm-none-eabi/8.2.0/thumb/v7e-m+fp/hard/libgcc.a(_arm_fixdfsi.o)
 .ARM.attributes
                0x0000000000000615       0x1e /usr/lib/gcc/arm-none-eabi/8.2.0/thumb/v7e-m+fp/hard/crtn.o
OUTPUT(build/PID.elf elf32-littlearm)

.debug_info     0x0000000000000000    0x29844
 .debug_info    0x0000000000000000     0x2183 build/main.o
 .debug_info    0x0000000000002183      0xe3b build/gpio.o
 .debug_info    0x0000000000002fbe     0x19f2 build/usart.o
 .debug_info    0x00000000000049b0     0x118b build/dma.o
 .debug_info    0x0000000000005b3b     0x14e1 build/i2c.o
 .debug_info    0x000000000000701c     0x1da8 build/tim.o
 .debug_info    0x0000000000008dc4      0xd7a build/wwdg.o
 .debug_info    0x0000000000009b3e     0x1310 build/stm32f3xx_it.o
 .debug_info    0x000000000000ae4e      0xe33 build/stm32f3xx_hal_msp.o
 .debug_info    0x000000000000bc81     0x136f build/odometry.o
 .debug_info    0x000000000000cff0     0x117d build/encoder.o
 .debug_info    0x000000000000e16d     0x5676 build/stm32f3xx_hal_i2c.o
 .debug_info    0x00000000000137e3     0x1470 build/stm32f3xx_hal_i2c_ex.o
 .debug_info    0x0000000000014c53     0x5424 build/stm32f3xx_hal_tim.o
 .debug_info    0x000000000001a077     0x2675 build/stm32f3xx_hal_tim_ex.o
 .debug_info    0x000000000001c6ec     0x134c build/stm32f3xx_ll_usart.o
 .debug_info    0x000000000001da38     0x1da6 build/stm32f3xx_ll_rcc.o
 .debug_info    0x000000000001f7de     0x154c build/stm32f3xx_ll_gpio.o
 .debug_info    0x0000000000020d2a      0xcfa build/stm32f3xx_hal_wwdg.o
 .debug_info    0x0000000000021a24     0x11ba build/stm32f3xx_hal.o
 .debug_info    0x0000000000022bde     0x2247 build/stm32f3xx_hal_rcc.o
 .debug_info    0x0000000000024e25     0x1133 build/stm32f3xx_hal_rcc_ex.o
 .debug_info    0x0000000000025f58     0x1263 build/stm32f3xx_hal_gpio.o
 .debug_info    0x00000000000271bb     0x181e build/stm32f3xx_hal_cortex.o
 .debug_info    0x00000000000289d9      0xe49 build/system_stm32f3xx.o
 .debug_info    0x0000000000029822       0x22 build/startup_stm32f401xe.o

.debug_abbrev   0x0000000000000000     0x5318
 .debug_abbrev  0x0000000000000000      0x375 build/main.o
 .debug_abbrev  0x0000000000000375      0x248 build/gpio.o
 .debug_abbrev  0x00000000000005bd      0x317 build/usart.o
 .debug_abbrev  0x00000000000008d4      0x2d4 build/dma.o
 .debug_abbrev  0x0000000000000ba8      0x2ab build/i2c.o
 .debug_abbrev  0x0000000000000e53      0x3cd build/tim.o
 .debug_abbrev  0x0000000000001220      0x269 build/wwdg.o
 .debug_abbrev  0x0000000000001489      0x2e6 build/stm32f3xx_it.o
 .debug_abbrev  0x000000000000176f      0x254 build/stm32f3xx_hal_msp.o
 .debug_abbrev  0x00000000000019c3      0x2ec build/odometry.o
 .debug_abbrev  0x0000000000001caf      0x28e build/encoder.o
 .debug_abbrev  0x0000000000001f3d      0x4f5 build/stm32f3xx_hal_i2c.o
 .debug_abbrev  0x0000000000002432      0x284 build/stm32f3xx_hal_i2c_ex.o
 .debug_abbrev  0x00000000000026b6      0x49e build/stm32f3xx_hal_tim.o
 .debug_abbrev  0x0000000000002b54      0x43a build/stm32f3xx_hal_tim_ex.o
 .debug_abbrev  0x0000000000002f8e      0x3f0 build/stm32f3xx_ll_usart.o
 .debug_abbrev  0x000000000000337e      0x43e build/stm32f3xx_ll_rcc.o
 .debug_abbrev  0x00000000000037bc      0x38f build/stm32f3xx_ll_gpio.o
 .debug_abbrev  0x0000000000003b4b      0x2e4 build/stm32f3xx_hal_wwdg.o
 .debug_abbrev  0x0000000000003e2f      0x319 build/stm32f3xx_hal.o
 .debug_abbrev  0x0000000000004148      0x45b build/stm32f3xx_hal_rcc.o
 .debug_abbrev  0x00000000000045a3      0x3b2 build/stm32f3xx_hal_rcc_ex.o
 .debug_abbrev  0x0000000000004955      0x319 build/stm32f3xx_hal_gpio.o
 .debug_abbrev  0x0000000000004c6e      0x46d build/stm32f3xx_hal_cortex.o
 .debug_abbrev  0x00000000000050db      0x22b build/system_stm32f3xx.o
 .debug_abbrev  0x0000000000005306       0x12 build/startup_stm32f401xe.o

.debug_loc      0x0000000000000000    0x155be
 .debug_loc     0x0000000000000000      0x234 build/main.o
 .debug_loc     0x0000000000000234       0x38 build/gpio.o
 .debug_loc     0x000000000000026c      0x2e9 build/usart.o
 .debug_loc     0x0000000000000555       0x86 build/dma.o
 .debug_loc     0x00000000000005db       0xae build/i2c.o
 .debug_loc     0x0000000000000689      0x3ac build/tim.o
 .debug_loc     0x0000000000000a35       0x58 build/wwdg.o
 .debug_loc     0x0000000000000a8d       0x7d build/stm32f3xx_it.o
 .debug_loc     0x0000000000000b0a       0x44 build/stm32f3xx_hal_msp.o
 .debug_loc     0x0000000000000b4e      0x1ba build/odometry.o
 .debug_loc     0x0000000000000d08       0xb0 build/encoder.o
 .debug_loc     0x0000000000000db8     0x73c7 build/stm32f3xx_hal_i2c.o
 .debug_loc     0x000000000000817f      0x2fc build/stm32f3xx_hal_i2c_ex.o
 .debug_loc     0x000000000000847b     0x71aa build/stm32f3xx_hal_tim.o
 .debug_loc     0x000000000000f625     0x1d61 build/stm32f3xx_hal_tim_ex.o
 .debug_loc     0x0000000000011386      0x55d build/stm32f3xx_ll_usart.o
 .debug_loc     0x00000000000118e3      0xdae build/stm32f3xx_ll_rcc.o
 .debug_loc     0x0000000000012691      0x7c6 build/stm32f3xx_ll_gpio.o
 .debug_loc     0x0000000000012e57       0xe2 build/stm32f3xx_hal_wwdg.o
 .debug_loc     0x0000000000012f39      0x124 build/stm32f3xx_hal.o
 .debug_loc     0x000000000001305d      0xf91 build/stm32f3xx_hal_rcc.o
 .debug_loc     0x0000000000013fee      0x713 build/stm32f3xx_hal_rcc_ex.o
 .debug_loc     0x0000000000014701      0x535 build/stm32f3xx_hal_gpio.o
 .debug_loc     0x0000000000014c36      0x831 build/stm32f3xx_hal_cortex.o
 .debug_loc     0x0000000000015467      0x157 build/system_stm32f3xx.o

.debug_aranges  0x0000000000000000      0xb60
 .debug_aranges
                0x0000000000000000       0x30 build/main.o
 .debug_aranges
                0x0000000000000030       0x20 build/gpio.o
 .debug_aranges
                0x0000000000000050       0x20 build/usart.o
 .debug_aranges
                0x0000000000000070       0x20 build/dma.o
 .debug_aranges
                0x0000000000000090       0x30 build/i2c.o
 .debug_aranges
                0x00000000000000c0       0x60 build/tim.o
 .debug_aranges
                0x0000000000000120       0x28 build/wwdg.o
 .debug_aranges
                0x0000000000000148       0x58 build/stm32f3xx_it.o
 .debug_aranges
                0x00000000000001a0       0x20 build/stm32f3xx_hal_msp.o
 .debug_aranges
                0x00000000000001c0       0x28 build/odometry.o
 .debug_aranges
                0x00000000000001e8       0x30 build/encoder.o
 .debug_aranges
                0x0000000000000218      0x1d0 build/stm32f3xx_hal_i2c.o
 .debug_aranges
                0x00000000000003e8       0x48 build/stm32f3xx_hal_i2c_ex.o
 .debug_aranges
                0x0000000000000430      0x260 build/stm32f3xx_hal_tim.o
 .debug_aranges
                0x0000000000000690      0x108 build/stm32f3xx_hal_tim_ex.o
 .debug_aranges
                0x0000000000000798       0x40 build/stm32f3xx_ll_usart.o
 .debug_aranges
                0x00000000000007d8       0x70 build/stm32f3xx_ll_rcc.o
 .debug_aranges
                0x0000000000000848       0x30 build/stm32f3xx_ll_gpio.o
 .debug_aranges
                0x0000000000000878       0x38 build/stm32f3xx_hal_wwdg.o
 .debug_aranges
                0x00000000000008b0       0xc0 build/stm32f3xx_hal.o
 .debug_aranges
                0x0000000000000970       0x88 build/stm32f3xx_hal_rcc.o
 .debug_aranges
                0x00000000000009f8       0x30 build/stm32f3xx_hal_rcc_ex.o
 .debug_aranges
                0x0000000000000a28       0x58 build/stm32f3xx_hal_gpio.o
 .debug_aranges
                0x0000000000000a80       0x90 build/stm32f3xx_hal_cortex.o
 .debug_aranges
                0x0000000000000b10       0x28 build/system_stm32f3xx.o
 .debug_aranges
                0x0000000000000b38       0x28 build/startup_stm32f401xe.o

.debug_ranges   0x0000000000000000     0x2bc8
 .debug_ranges  0x0000000000000000       0xc8 build/main.o
 .debug_ranges  0x00000000000000c8       0x50 build/gpio.o
 .debug_ranges  0x0000000000000118       0xb8 build/usart.o
 .debug_ranges  0x00000000000001d0       0x88 build/dma.o
 .debug_ranges  0x0000000000000258       0x20 build/i2c.o
 .debug_ranges  0x0000000000000278       0xe0 build/tim.o
 .debug_ranges  0x0000000000000358       0x30 build/wwdg.o
 .debug_ranges  0x0000000000000388       0x48 build/stm32f3xx_it.o
 .debug_ranges  0x00000000000003d0       0x38 build/stm32f3xx_hal_msp.o
 .debug_ranges  0x0000000000000408       0x18 build/odometry.o
 .debug_ranges  0x0000000000000420       0x20 build/encoder.o
 .debug_ranges  0x0000000000000440      0xec0 build/stm32f3xx_hal_i2c.o
 .debug_ranges  0x0000000000001300       0x78 build/stm32f3xx_hal_i2c_ex.o
 .debug_ranges  0x0000000000001378      0x678 build/stm32f3xx_hal_tim.o
 .debug_ranges  0x00000000000019f0      0x128 build/stm32f3xx_hal_tim_ex.o
 .debug_ranges  0x0000000000001b18       0xe0 build/stm32f3xx_ll_usart.o
 .debug_ranges  0x0000000000001bf8      0x6d8 build/stm32f3xx_ll_rcc.o
 .debug_ranges  0x00000000000022d0      0x140 build/stm32f3xx_ll_gpio.o
 .debug_ranges  0x0000000000002410       0x28 build/stm32f3xx_hal_wwdg.o
 .debug_ranges  0x0000000000002438       0xb0 build/stm32f3xx_hal.o
 .debug_ranges  0x00000000000024e8      0x3e0 build/stm32f3xx_hal_rcc.o
 .debug_ranges  0x00000000000028c8       0xf8 build/stm32f3xx_hal_rcc_ex.o
 .debug_ranges  0x00000000000029c0       0x60 build/stm32f3xx_hal_gpio.o
 .debug_ranges  0x0000000000002a20      0x170 build/stm32f3xx_hal_cortex.o
 .debug_ranges  0x0000000000002b90       0x18 build/system_stm32f3xx.o
 .debug_ranges  0x0000000000002ba8       0x20 build/startup_stm32f401xe.o

.debug_line     0x0000000000000000    0x123f1
 .debug_line    0x0000000000000000      0x591 build/main.o
 .debug_line    0x0000000000000591      0x24f build/gpio.o
 .debug_line    0x00000000000007e0      0x3ef build/usart.o
 .debug_line    0x0000000000000bcf      0x22e build/dma.o
 .debug_line    0x0000000000000dfd      0x32e build/i2c.o
 .debug_line    0x000000000000112b      0x787 build/tim.o
 .debug_line    0x00000000000018b2      0x24b build/wwdg.o
 .debug_line    0x0000000000001afd      0x347 build/stm32f3xx_it.o
 .debug_line    0x0000000000001e44      0x1f2 build/stm32f3xx_hal_msp.o
 .debug_line    0x0000000000002036      0x34d build/odometry.o
 .debug_line    0x0000000000002383      0x274 build/encoder.o
 .debug_line    0x00000000000025f7     0x5503 build/stm32f3xx_hal_i2c.o
 .debug_line    0x0000000000007afa      0x549 build/stm32f3xx_hal_i2c_ex.o
 .debug_line    0x0000000000008043     0x3fd2 build/stm32f3xx_hal_tim.o
 .debug_line    0x000000000000c015     0x155d build/stm32f3xx_hal_tim_ex.o
 .debug_line    0x000000000000d572      0x53c build/stm32f3xx_ll_usart.o
 .debug_line    0x000000000000daae      0xfcc build/stm32f3xx_ll_rcc.o
 .debug_line    0x000000000000ea7a      0x671 build/stm32f3xx_ll_gpio.o
 .debug_line    0x000000000000f0eb      0x2b2 build/stm32f3xx_hal_wwdg.o
 .debug_line    0x000000000000f39d      0x473 build/stm32f3xx_hal.o
 .debug_line    0x000000000000f810     0x13b8 build/stm32f3xx_hal_rcc.o
 .debug_line    0x0000000000010bc8      0x748 build/stm32f3xx_hal_rcc_ex.o
 .debug_line    0x0000000000011310      0x739 build/stm32f3xx_hal_gpio.o
 .debug_line    0x0000000000011a49      0x678 build/stm32f3xx_hal_cortex.o
 .debug_line    0x00000000000120c1      0x2bc build/system_stm32f3xx.o
 .debug_line    0x000000000001237d       0x74 build/startup_stm32f401xe.o

.debug_str      0x0000000000000000     0x4584
 .debug_str     0x0000000000000000     0x1423 build/main.o
                                       0x152e (size before relaxing)
 .debug_str     0x0000000000001423       0xa9 build/gpio.o
                                        0x6fb (size before relaxing)
 .debug_str     0x00000000000014cc      0x36c build/usart.o
                                        0xdca (size before relaxing)
 .debug_str     0x0000000000001838        0xa build/dma.o
                                        0xa9b (size before relaxing)
 .debug_str     0x0000000000001842       0x8e build/i2c.o
                                        0xc0a (size before relaxing)
 .debug_str     0x00000000000018d0      0x270 build/tim.o
                                       0x10f9 (size before relaxing)
 .debug_str     0x0000000000001b40       0x35 build/wwdg.o
                                        0x703 (size before relaxing)
 .debug_str     0x0000000000001b75      0x14c build/stm32f3xx_it.o
                                        0xbd4 (size before relaxing)
 .debug_str     0x0000000000001cc1       0x41 build/stm32f3xx_hal_msp.o
                                        0x960 (size before relaxing)
 .debug_str     0x0000000000001d02       0x97 build/odometry.o
                                        0xb30 (size before relaxing)
 .debug_str     0x0000000000001d99       0x24 build/encoder.o
                                        0xa0a (size before relaxing)
 .debug_str     0x0000000000001dbd      0x7b3 build/stm32f3xx_hal_i2c.o
                                       0x12b3 (size before relaxing)
 .debug_str     0x0000000000002570      0x125 build/stm32f3xx_hal_i2c_ex.o
                                        0xc96 (size before relaxing)
 .debug_str     0x0000000000002695      0xb41 build/stm32f3xx_hal_tim.o
                                       0x17f4 (size before relaxing)
 .debug_str     0x00000000000031d6      0x513 build/stm32f3xx_hal_tim_ex.o
                                       0x1227 (size before relaxing)
 .debug_str     0x00000000000036e9      0x285 build/stm32f3xx_ll_usart.o
                                        0x998 (size before relaxing)
 .debug_str     0x000000000000396e      0x329 build/stm32f3xx_ll_rcc.o
                                        0xa33 (size before relaxing)
 .debug_str     0x0000000000003c97      0x127 build/stm32f3xx_ll_gpio.o
                                        0x80b (size before relaxing)
 .debug_str     0x0000000000003dbe       0x78 build/stm32f3xx_hal_wwdg.o
                                        0x707 (size before relaxing)
 .debug_str     0x0000000000003e36      0x200 build/stm32f3xx_hal.o
                                        0xbcc (size before relaxing)
 .debug_str     0x0000000000004036      0x1b6 build/stm32f3xx_hal_rcc.o
                                        0xa57 (size before relaxing)
 .debug_str     0x00000000000041ec       0xa7 build/stm32f3xx_hal_rcc_ex.o
                                        0x894 (size before relaxing)
 .debug_str     0x0000000000004293      0x109 build/stm32f3xx_hal_gpio.o
                                        0x8ea (size before relaxing)
 .debug_str     0x000000000000439c      0x177 build/stm32f3xx_hal_cortex.o
                                        0xcf2 (size before relaxing)
 .debug_str     0x0000000000004513       0x4d build/system_stm32f3xx.o
                                        0x6d4 (size before relaxing)
 .debug_str     0x0000000000004560       0x24 build/startup_stm32f401xe.o
                                         0x67 (size before relaxing)

.comment        0x0000000000000000       0x1d
 .comment       0x0000000000000000       0x1d build/main.o
                                         0x1e (size before relaxing)
 .comment       0x000000000000001d       0x1e build/gpio.o
 .comment       0x000000000000001d       0x1e build/usart.o
 .comment       0x000000000000001d       0x1e build/dma.o
 .comment       0x000000000000001d       0x1e build/i2c.o
 .comment       0x000000000000001d       0x1e build/tim.o
 .comment       0x000000000000001d       0x1e build/wwdg.o
 .comment       0x000000000000001d       0x1e build/stm32f3xx_it.o
 .comment       0x000000000000001d       0x1e build/stm32f3xx_hal_msp.o
 .comment       0x000000000000001d       0x1e build/odometry.o
 .comment       0x000000000000001d       0x1e build/encoder.o
 .comment       0x000000000000001d       0x1e build/stm32f3xx_hal_i2c.o
 .comment       0x000000000000001d       0x1e build/stm32f3xx_hal_i2c_ex.o
 .comment       0x000000000000001d       0x1e build/stm32f3xx_hal_tim.o
 .comment       0x000000000000001d       0x1e build/stm32f3xx_hal_tim_ex.o
 .comment       0x000000000000001d       0x1e build/stm32f3xx_ll_usart.o
 .comment       0x000000000000001d       0x1e build/stm32f3xx_ll_rcc.o
 .comment       0x000000000000001d       0x1e build/stm32f3xx_ll_gpio.o
 .comment       0x000000000000001d       0x1e build/stm32f3xx_hal_wwdg.o
 .comment       0x000000000000001d       0x1e build/stm32f3xx_hal.o
 .comment       0x000000000000001d       0x1e build/stm32f3xx_hal_rcc.o
 .comment       0x000000000000001d       0x1e build/stm32f3xx_hal_rcc_ex.o
 .comment       0x000000000000001d       0x1e build/stm32f3xx_hal_gpio.o
 .comment       0x000000000000001d       0x1e build/stm32f3xx_hal_cortex.o
 .comment       0x000000000000001d       0x1e build/system_stm32f3xx.o

.debug_frame    0x0000000000000000     0x2b4c
 .debug_frame   0x0000000000000000       0x88 build/main.o
 .debug_frame   0x0000000000000088       0x3c build/gpio.o
 .debug_frame   0x00000000000000c4       0x38 build/usart.o
 .debug_frame   0x00000000000000fc       0x34 build/dma.o
 .debug_frame   0x0000000000000130       0x68 build/i2c.o
 .debug_frame   0x0000000000000198      0x174 build/tim.o
 .debug_frame   0x000000000000030c       0x54 build/wwdg.o
 .debug_frame   0x0000000000000360      0x100 build/stm32f3xx_it.o
 .debug_frame   0x0000000000000460       0x34 build/stm32f3xx_hal_msp.o
 .debug_frame   0x0000000000000494       0x80 build/odometry.o
 .debug_frame   0x0000000000000514       0x40 build/encoder.o
 .debug_frame   0x0000000000000554      0xa20 build/stm32f3xx_hal_i2c.o
 .debug_frame   0x0000000000000f74       0xc4 build/stm32f3xx_hal_i2c_ex.o
 .debug_frame   0x0000000000001038      0xbe0 build/stm32f3xx_hal_tim.o
 .debug_frame   0x0000000000001c18      0x47c build/stm32f3xx_hal_tim_ex.o
 .debug_frame   0x0000000000002094       0x88 build/stm32f3xx_ll_usart.o
 .debug_frame   0x000000000000211c      0x180 build/stm32f3xx_ll_rcc.o
 .debug_frame   0x000000000000229c       0x60 build/stm32f3xx_ll_gpio.o
 .debug_frame   0x00000000000022fc       0x88 build/stm32f3xx_hal_wwdg.o
 .debug_frame   0x0000000000002384      0x1a8 build/stm32f3xx_hal.o
 .debug_frame   0x000000000000252c      0x184 build/stm32f3xx_hal_rcc.o
 .debug_frame   0x00000000000026b0       0xbc build/stm32f3xx_hal_rcc_ex.o
 .debug_frame   0x000000000000276c      0x110 build/stm32f3xx_hal_gpio.o
 .debug_frame   0x000000000000287c      0x148 build/stm32f3xx_hal_cortex.o
 .debug_frame   0x00000000000029c4       0x3c build/system_stm32f3xx.o
 .debug_frame   0x0000000000002a00       0x2c /usr/lib/gcc/arm-none-eabi/8.2.0/../../../../arm-none-eabi/lib/thumb/v7e-m+fp/hard/libc_nano.a(lib_a-init.o)
 .debug_frame   0x0000000000002a2c       0xac /usr/lib/gcc/arm-none-eabi/8.2.0/thumb/v7e-m+fp/hard/libgcc.a(_arm_addsubdf3.o)
 .debug_frame   0x0000000000002ad8       0x50 /usr/lib/gcc/arm-none-eabi/8.2.0/thumb/v7e-m+fp/hard/libgcc.a(_arm_muldivdf3.o)
 .debug_frame   0x0000000000002b28       0x24 /usr/lib/gcc/arm-none-eabi/8.2.0/thumb/v7e-m+fp/hard/libgcc.a(_arm_fixdfsi.o)

Cross Reference Table

Symbol                                            File
ADC_IRQHandler                                    build/startup_stm32f401xe.o
AHBPrescTable                                     build/system_stm32f3xx.o
                                                  build/stm32f3xx_hal_rcc.o
                                                  build/stm32f3xx_ll_rcc.o
                                                  build/stm32f3xx_ll_utils.o
APBPrescTable                                     build/system_stm32f3xx.o
                                                  build/stm32f3xx_hal_rcc.o
                                                  build/stm32f3xx_ll_rcc.o
BusFault_Handler                                  build/stm32f3xx_it.o
DMA1_Channel6_IRQHandler                          build/stm32f3xx_it.o
DMA1_Stream0_IRQHandler                           build/startup_stm32f401xe.o
DMA1_Stream1_IRQHandler                           build/startup_stm32f401xe.o
DMA1_Stream2_IRQHandler                           build/startup_stm32f401xe.o
DMA1_Stream3_IRQHandler                           build/startup_stm32f401xe.o
DMA1_Stream4_IRQHandler                           build/startup_stm32f401xe.o
DMA1_Stream5_IRQHandler                           build/startup_stm32f401xe.o
DMA1_Stream6_IRQHandler                           build/startup_stm32f401xe.o
DMA1_Stream7_IRQHandler                           build/startup_stm32f401xe.o
DMA2_Stream0_IRQHandler                           build/startup_stm32f401xe.o
DMA2_Stream1_IRQHandler                           build/startup_stm32f401xe.o
DMA2_Stream2_IRQHandler                           build/startup_stm32f401xe.o
DMA2_Stream3_IRQHandler                           build/startup_stm32f401xe.o
DMA2_Stream4_IRQHandler                           build/startup_stm32f401xe.o
DMA2_Stream5_IRQHandler                           build/startup_stm32f401xe.o
DMA2_Stream6_IRQHandler                           build/startup_stm32f401xe.o
DMA2_Stream7_IRQHandler                           build/startup_stm32f401xe.o
DebugMon_Handler                                  build/stm32f3xx_it.o
Default_Handler                                   build/startup_stm32f401xe.o
ENCODER_DIST                                      build/odometry.o
ENCODER_STEP_DIST                                 build/odometry.o
EXTI0_IRQHandler                                  build/startup_stm32f401xe.o
EXTI15_10_IRQHandler                              build/startup_stm32f401xe.o
EXTI1_IRQHandler                                  build/startup_stm32f401xe.o
EXTI2_IRQHandler                                  build/startup_stm32f401xe.o
EXTI3_IRQHandler                                  build/startup_stm32f401xe.o
EXTI4_IRQHandler                                  build/startup_stm32f401xe.o
EXTI9_5_IRQHandler                                build/startup_stm32f401xe.o
FLASH_IRQHandler                                  build/startup_stm32f401xe.o
FLASH_PageErase                                   build/stm32f3xx_hal_flash_ex.o
                                                  build/stm32f3xx_hal_flash.o
FLASH_WaitForLastOperation                        build/stm32f3xx_hal_flash.o
                                                  build/stm32f3xx_hal_flash_ex.o
FPU_IRQHandler                                    build/startup_stm32f401xe.o
HAL_DBGMCU_DisableDBGSleepMode                    build/stm32f3xx_hal.o
HAL_DBGMCU_DisableDBGStandbyMode                  build/stm32f3xx_hal.o
HAL_DBGMCU_DisableDBGStopMode                     build/stm32f3xx_hal.o
HAL_DBGMCU_EnableDBGSleepMode                     build/stm32f3xx_hal.o
HAL_DBGMCU_EnableDBGStandbyMode                   build/stm32f3xx_hal.o
HAL_DBGMCU_EnableDBGStopMode                      build/stm32f3xx_hal.o
HAL_DMA_Abort                                     build/stm32f3xx_hal_dma.o
                                                  build/stm32f3xx_hal_tim.o
HAL_DMA_Abort_IT                                  build/stm32f3xx_hal_dma.o
                                                  build/stm32f3xx_hal_i2c.o
HAL_DMA_DeInit                                    build/stm32f3xx_hal_dma.o
HAL_DMA_GetError                                  build/stm32f3xx_hal_dma.o
HAL_DMA_GetState                                  build/stm32f3xx_hal_dma.o
HAL_DMA_IRQHandler                                build/stm32f3xx_hal_dma.o
HAL_DMA_Init                                      build/stm32f3xx_hal_dma.o
HAL_DMA_PollForTransfer                           build/stm32f3xx_hal_dma.o
HAL_DMA_RegisterCallback                          build/stm32f3xx_hal_dma.o
HAL_DMA_Start                                     build/stm32f3xx_hal_dma.o
HAL_DMA_Start_IT                                  build/stm32f3xx_hal_dma.o
                                                  build/stm32f3xx_hal_tim_ex.o
                                                  build/stm32f3xx_hal_tim.o
                                                  build/stm32f3xx_hal_i2c.o
HAL_DMA_UnRegisterCallback                        build/stm32f3xx_hal_dma.o
HAL_DeInit                                        build/stm32f3xx_hal.o
HAL_Delay                                         build/stm32f3xx_hal.o
                                                  build/main.o
HAL_FLASHEx_Erase                                 build/stm32f3xx_hal_flash_ex.o
HAL_FLASHEx_Erase_IT                              build/stm32f3xx_hal_flash_ex.o
HAL_FLASHEx_OBErase                               build/stm32f3xx_hal_flash_ex.o
HAL_FLASHEx_OBGetConfig                           build/stm32f3xx_hal_flash_ex.o
HAL_FLASHEx_OBGetUserData                         build/stm32f3xx_hal_flash_ex.o
HAL_FLASHEx_OBProgram                             build/stm32f3xx_hal_flash_ex.o
HAL_FLASH_EndOfOperationCallback                  build/stm32f3xx_hal_flash.o
HAL_FLASH_GetError                                build/stm32f3xx_hal_flash.o
HAL_FLASH_IRQHandler                              build/stm32f3xx_hal_flash.o
HAL_FLASH_Lock                                    build/stm32f3xx_hal_flash.o
HAL_FLASH_OB_Launch                               build/stm32f3xx_hal_flash.o
HAL_FLASH_OB_Lock                                 build/stm32f3xx_hal_flash.o
HAL_FLASH_OB_Unlock                               build/stm32f3xx_hal_flash.o
HAL_FLASH_OperationErrorCallback                  build/stm32f3xx_hal_flash.o
HAL_FLASH_Program                                 build/stm32f3xx_hal_flash.o
HAL_FLASH_Program_IT                              build/stm32f3xx_hal_flash.o
HAL_FLASH_Unlock                                  build/stm32f3xx_hal_flash.o
HAL_GPIO_DeInit                                   build/stm32f3xx_hal_gpio.o
                                                  build/tim.o
                                                  build/i2c.o
HAL_GPIO_EXTI_Callback                            build/stm32f3xx_hal_gpio.o
HAL_GPIO_EXTI_IRQHandler                          build/stm32f3xx_hal_gpio.o
HAL_GPIO_Init                                     build/stm32f3xx_hal_gpio.o
                                                  build/stm32f3xx_hal_rcc.o
                                                  build/tim.o
                                                  build/i2c.o
                                                  build/gpio.o
HAL_GPIO_LockPin                                  build/stm32f3xx_hal_gpio.o
HAL_GPIO_ReadPin                                  build/stm32f3xx_hal_gpio.o
HAL_GPIO_TogglePin                                build/stm32f3xx_hal_gpio.o
HAL_GPIO_WritePin                                 build/stm32f3xx_hal_gpio.o
                                                  build/gpio.o
                                                  build/main.o
HAL_GetDEVID                                      build/stm32f3xx_hal.o
HAL_GetHalVersion                                 build/stm32f3xx_hal.o
HAL_GetREVID                                      build/stm32f3xx_hal.o
HAL_GetTick                                       build/stm32f3xx_hal.o
                                                  build/stm32f3xx_hal_flash.o
                                                  build/stm32f3xx_hal_dma.o
                                                  build/stm32f3xx_hal_rcc_ex.o
                                                  build/stm32f3xx_hal_rcc.o
                                                  build/stm32f3xx_hal_i2c.o
HAL_GetUIDw0                                      build/stm32f3xx_hal.o
HAL_GetUIDw1                                      build/stm32f3xx_hal.o
HAL_GetUIDw2                                      build/stm32f3xx_hal.o
HAL_I2CEx_ConfigAnalogFilter                      build/stm32f3xx_hal_i2c_ex.o
                                                  build/i2c.o
HAL_I2CEx_ConfigDigitalFilter                     build/stm32f3xx_hal_i2c_ex.o
                                                  build/i2c.o
HAL_I2CEx_DisableFastModePlus                     build/stm32f3xx_hal_i2c_ex.o
HAL_I2CEx_DisableWakeUp                           build/stm32f3xx_hal_i2c_ex.o
HAL_I2CEx_EnableFastModePlus                      build/stm32f3xx_hal_i2c_ex.o
HAL_I2CEx_EnableWakeUp                            build/stm32f3xx_hal_i2c_ex.o
HAL_I2C_AbortCpltCallback                         build/stm32f3xx_hal_i2c.o
HAL_I2C_AddrCallback                              build/stm32f3xx_hal_i2c.o
HAL_I2C_DeInit                                    build/stm32f3xx_hal_i2c.o
HAL_I2C_DisableListen_IT                          build/stm32f3xx_hal_i2c.o
HAL_I2C_ER_IRQHandler                             build/stm32f3xx_hal_i2c.o
HAL_I2C_EV_IRQHandler                             build/stm32f3xx_hal_i2c.o
HAL_I2C_EnableListen_IT                           build/stm32f3xx_hal_i2c.o
HAL_I2C_ErrorCallback                             build/stm32f3xx_hal_i2c.o
HAL_I2C_GetError                                  build/stm32f3xx_hal_i2c.o
HAL_I2C_GetMode                                   build/stm32f3xx_hal_i2c.o
HAL_I2C_GetState                                  build/stm32f3xx_hal_i2c.o
HAL_I2C_Init                                      build/stm32f3xx_hal_i2c.o
                                                  build/i2c.o
HAL_I2C_IsDeviceReady                             build/stm32f3xx_hal_i2c.o
HAL_I2C_ListenCpltCallback                        build/stm32f3xx_hal_i2c.o
HAL_I2C_MasterRxCpltCallback                      build/stm32f3xx_hal_i2c.o
HAL_I2C_MasterTxCpltCallback                      build/stm32f3xx_hal_i2c.o
HAL_I2C_Master_Abort_IT                           build/stm32f3xx_hal_i2c.o
HAL_I2C_Master_Receive                            build/stm32f3xx_hal_i2c.o
HAL_I2C_Master_Receive_DMA                        build/stm32f3xx_hal_i2c.o
HAL_I2C_Master_Receive_IT                         build/stm32f3xx_hal_i2c.o
HAL_I2C_Master_Sequential_Receive_IT              build/stm32f3xx_hal_i2c.o
HAL_I2C_Master_Sequential_Transmit_IT             build/stm32f3xx_hal_i2c.o
HAL_I2C_Master_Transmit                           build/stm32f3xx_hal_i2c.o
HAL_I2C_Master_Transmit_DMA                       build/stm32f3xx_hal_i2c.o
HAL_I2C_Master_Transmit_IT                        build/stm32f3xx_hal_i2c.o
HAL_I2C_MemRxCpltCallback                         build/stm32f3xx_hal_i2c.o
HAL_I2C_MemTxCpltCallback                         build/stm32f3xx_hal_i2c.o
HAL_I2C_Mem_Read                                  build/stm32f3xx_hal_i2c.o
HAL_I2C_Mem_Read_DMA                              build/stm32f3xx_hal_i2c.o
HAL_I2C_Mem_Read_IT                               build/stm32f3xx_hal_i2c.o
HAL_I2C_Mem_Write                                 build/stm32f3xx_hal_i2c.o
HAL_I2C_Mem_Write_DMA                             build/stm32f3xx_hal_i2c.o
HAL_I2C_Mem_Write_IT                              build/stm32f3xx_hal_i2c.o
HAL_I2C_MspDeInit                                 build/i2c.o
HAL_I2C_MspInit                                   build/i2c.o
HAL_I2C_SlaveRxCpltCallback                       build/stm32f3xx_hal_i2c.o
HAL_I2C_SlaveTxCpltCallback                       build/stm32f3xx_hal_i2c.o
HAL_I2C_Slave_Receive                             build/stm32f3xx_hal_i2c.o
HAL_I2C_Slave_Receive_DMA                         build/stm32f3xx_hal_i2c.o
HAL_I2C_Slave_Receive_IT                          build/stm32f3xx_hal_i2c.o
HAL_I2C_Slave_Sequential_Receive_IT               build/stm32f3xx_hal_i2c.o
HAL_I2C_Slave_Sequential_Transmit_IT              build/stm32f3xx_hal_i2c.o
HAL_I2C_Slave_Transmit                            build/stm32f3xx_hal_i2c.o
HAL_I2C_Slave_Transmit_DMA                        build/stm32f3xx_hal_i2c.o
HAL_I2C_Slave_Transmit_IT                         build/stm32f3xx_hal_i2c.o
HAL_IncTick                                       build/stm32f3xx_hal.o
                                                  build/stm32f3xx_it.o
HAL_Init                                          build/stm32f3xx_hal.o
                                                  build/main.o
HAL_InitTick                                      build/stm32f3xx_hal.o
                                                  build/stm32f3xx_hal_rcc.o
HAL_MspDeInit                                     build/stm32f3xx_hal.o
HAL_MspInit                                       build/stm32f3xx_hal_msp.o
HAL_NVIC_ClearPendingIRQ                          build/stm32f3xx_hal_cortex.o
HAL_NVIC_DisableIRQ                               build/stm32f3xx_hal_cortex.o
HAL_NVIC_EnableIRQ                                build/stm32f3xx_hal_cortex.o
                                                  build/tim.o
HAL_NVIC_GetActive                                build/stm32f3xx_hal_cortex.o
HAL_NVIC_GetPendingIRQ                            build/stm32f3xx_hal_cortex.o
HAL_NVIC_GetPriority                              build/stm32f3xx_hal_cortex.o
HAL_NVIC_GetPriorityGrouping                      build/stm32f3xx_hal_cortex.o
HAL_NVIC_SetPendingIRQ                            build/stm32f3xx_hal_cortex.o
HAL_NVIC_SetPriority                              build/stm32f3xx_hal_cortex.o
                                                  build/stm32f3xx_hal.o
                                                  build/stm32f3xx_hal_msp.o
                                                  build/tim.o
                                                  build/main.o
HAL_NVIC_SetPriorityGrouping                      build/stm32f3xx_hal_cortex.o
                                                  build/stm32f3xx_hal.o
                                                  build/stm32f3xx_hal_msp.o
HAL_NVIC_SystemReset                              build/stm32f3xx_hal_cortex.o
HAL_PWR_ConfigPVD                                 build/stm32f3xx_hal_pwr_ex.o
HAL_PWR_DeInit                                    build/stm32f3xx_hal_pwr.o
HAL_PWR_DisableBkUpAccess                         build/stm32f3xx_hal_pwr.o
HAL_PWR_DisablePVD                                build/stm32f3xx_hal_pwr_ex.o
HAL_PWR_DisableSEVOnPend                          build/stm32f3xx_hal_pwr.o
HAL_PWR_DisableSleepOnExit                        build/stm32f3xx_hal_pwr.o
HAL_PWR_DisableWakeUpPin                          build/stm32f3xx_hal_pwr.o
HAL_PWR_EnableBkUpAccess                          build/stm32f3xx_hal_pwr.o
HAL_PWR_EnablePVD                                 build/stm32f3xx_hal_pwr_ex.o
HAL_PWR_EnableSEVOnPend                           build/stm32f3xx_hal_pwr.o
HAL_PWR_EnableSleepOnExit                         build/stm32f3xx_hal_pwr.o
HAL_PWR_EnableWakeUpPin                           build/stm32f3xx_hal_pwr.o
HAL_PWR_EnterSLEEPMode                            build/stm32f3xx_hal_pwr.o
HAL_PWR_EnterSTANDBYMode                          build/stm32f3xx_hal_pwr.o
HAL_PWR_EnterSTOPMode                             build/stm32f3xx_hal_pwr.o
HAL_PWR_PVDCallback                               build/stm32f3xx_hal_pwr_ex.o
HAL_PWR_PVD_IRQHandler                            build/stm32f3xx_hal_pwr_ex.o
HAL_RCCEx_GetPeriphCLKConfig                      build/stm32f3xx_hal_rcc_ex.o
HAL_RCCEx_GetPeriphCLKFreq                        build/stm32f3xx_hal_rcc_ex.o
HAL_RCCEx_PeriphCLKConfig                         build/stm32f3xx_hal_rcc_ex.o
                                                  build/main.o
HAL_RCC_CSSCallback                               build/stm32f3xx_hal_rcc.o
HAL_RCC_ClockConfig                               build/stm32f3xx_hal_rcc.o
                                                  build/main.o
HAL_RCC_DeInit                                    build/stm32f3xx_hal_rcc.o
HAL_RCC_DisableCSS                                build/stm32f3xx_hal_rcc.o
HAL_RCC_EnableCSS                                 build/stm32f3xx_hal_rcc.o
HAL_RCC_GetClockConfig                            build/stm32f3xx_hal_rcc.o
HAL_RCC_GetHCLKFreq                               build/stm32f3xx_hal_rcc.o
                                                  build/main.o
HAL_RCC_GetOscConfig                              build/stm32f3xx_hal_rcc.o
HAL_RCC_GetPCLK1Freq                              build/stm32f3xx_hal_rcc.o
                                                  build/stm32f3xx_hal_rcc_ex.o
HAL_RCC_GetPCLK2Freq                              build/stm32f3xx_hal_rcc.o
HAL_RCC_GetSysClockFreq                           build/stm32f3xx_hal_rcc.o
                                                  build/stm32f3xx_hal_rcc_ex.o
HAL_RCC_MCOConfig                                 build/stm32f3xx_hal_rcc.o
HAL_RCC_NMI_IRQHandler                            build/stm32f3xx_hal_rcc.o
HAL_RCC_OscConfig                                 build/stm32f3xx_hal_rcc.o
                                                  build/main.o
HAL_ResumeTick                                    build/stm32f3xx_hal.o
HAL_SYSTICK_CLKSourceConfig                       build/stm32f3xx_hal_cortex.o
                                                  build/main.o
HAL_SYSTICK_Callback                              build/stm32f3xx_hal_cortex.o
HAL_SYSTICK_Config                                build/stm32f3xx_hal_cortex.o
                                                  build/stm32f3xx_hal.o
                                                  build/main.o
HAL_SYSTICK_IRQHandler                            build/stm32f3xx_hal_cortex.o
                                                  build/stm32f3xx_it.o
HAL_SuspendTick                                   build/stm32f3xx_hal.o
HAL_TIMEx_Break2Callback                          build/stm32f3xx_hal_tim_ex.o
                                                  build/stm32f3xx_hal_tim.o
HAL_TIMEx_BreakCallback                           build/stm32f3xx_hal_tim_ex.o
                                                  build/stm32f3xx_hal_tim.o
HAL_TIMEx_CommutationCallback                     build/stm32f3xx_hal_tim_ex.o
                                                  build/stm32f3xx_hal_tim.o
HAL_TIMEx_ConfigBreakDeadTime                     build/stm32f3xx_hal_tim_ex.o
HAL_TIMEx_ConfigCommutationEvent                  build/stm32f3xx_hal_tim_ex.o
HAL_TIMEx_ConfigCommutationEvent_DMA              build/stm32f3xx_hal_tim_ex.o
HAL_TIMEx_ConfigCommutationEvent_IT               build/stm32f3xx_hal_tim_ex.o
HAL_TIMEx_GroupChannel5                           build/stm32f3xx_hal_tim_ex.o
HAL_TIMEx_HallSensor_DeInit                       build/stm32f3xx_hal_tim_ex.o
HAL_TIMEx_HallSensor_GetState                     build/stm32f3xx_hal_tim_ex.o
HAL_TIMEx_HallSensor_Init                         build/stm32f3xx_hal_tim_ex.o
HAL_TIMEx_HallSensor_MspDeInit                    build/stm32f3xx_hal_tim_ex.o
HAL_TIMEx_HallSensor_MspInit                      build/stm32f3xx_hal_tim_ex.o
HAL_TIMEx_HallSensor_Start                        build/stm32f3xx_hal_tim_ex.o
HAL_TIMEx_HallSensor_Start_DMA                    build/stm32f3xx_hal_tim_ex.o
HAL_TIMEx_HallSensor_Start_IT                     build/stm32f3xx_hal_tim_ex.o
HAL_TIMEx_HallSensor_Stop                         build/stm32f3xx_hal_tim_ex.o
HAL_TIMEx_HallSensor_Stop_DMA                     build/stm32f3xx_hal_tim_ex.o
HAL_TIMEx_HallSensor_Stop_IT                      build/stm32f3xx_hal_tim_ex.o
HAL_TIMEx_MasterConfigSynchronization             build/stm32f3xx_hal_tim_ex.o
                                                  build/tim.o
HAL_TIMEx_OCN_Start                               build/stm32f3xx_hal_tim_ex.o
HAL_TIMEx_OCN_Start_DMA                           build/stm32f3xx_hal_tim_ex.o
HAL_TIMEx_OCN_Start_IT                            build/stm32f3xx_hal_tim_ex.o
HAL_TIMEx_OCN_Stop                                build/stm32f3xx_hal_tim_ex.o
HAL_TIMEx_OCN_Stop_DMA                            build/stm32f3xx_hal_tim_ex.o
HAL_TIMEx_OCN_Stop_IT                             build/stm32f3xx_hal_tim_ex.o
HAL_TIMEx_OnePulseN_Start                         build/stm32f3xx_hal_tim_ex.o
HAL_TIMEx_OnePulseN_Start_IT                      build/stm32f3xx_hal_tim_ex.o
HAL_TIMEx_OnePulseN_Stop                          build/stm32f3xx_hal_tim_ex.o
HAL_TIMEx_OnePulseN_Stop_IT                       build/stm32f3xx_hal_tim_ex.o
HAL_TIMEx_PWMN_Start                              build/stm32f3xx_hal_tim_ex.o
HAL_TIMEx_PWMN_Start_DMA                          build/stm32f3xx_hal_tim_ex.o
HAL_TIMEx_PWMN_Start_IT                           build/stm32f3xx_hal_tim_ex.o
HAL_TIMEx_PWMN_Stop                               build/stm32f3xx_hal_tim_ex.o
HAL_TIMEx_PWMN_Stop_DMA                           build/stm32f3xx_hal_tim_ex.o
HAL_TIMEx_PWMN_Stop_IT                            build/stm32f3xx_hal_tim_ex.o
HAL_TIMEx_RemapConfig                             build/stm32f3xx_hal_tim_ex.o
HAL_TIM_Base_DeInit                               build/stm32f3xx_hal_tim.o
HAL_TIM_Base_GetState                             build/stm32f3xx_hal_tim.o
HAL_TIM_Base_Init                                 build/stm32f3xx_hal_tim.o
                                                  build/tim.o
HAL_TIM_Base_MspDeInit                            build/tim.o
HAL_TIM_Base_MspInit                              build/tim.o
HAL_TIM_Base_Start                                build/stm32f3xx_hal_tim.o
HAL_TIM_Base_Start_DMA                            build/stm32f3xx_hal_tim.o
HAL_TIM_Base_Start_IT                             build/stm32f3xx_hal_tim.o
                                                  build/odometry.o
HAL_TIM_Base_Stop                                 build/stm32f3xx_hal_tim.o
HAL_TIM_Base_Stop_DMA                             build/stm32f3xx_hal_tim.o
HAL_TIM_Base_Stop_IT                              build/stm32f3xx_hal_tim.o
HAL_TIM_ConfigClockSource                         build/stm32f3xx_hal_tim.o
                                                  build/tim.o
HAL_TIM_ConfigOCrefClear                          build/stm32f3xx_hal_tim_ex.o
                                                  build/stm32f3xx_hal_tim.o
HAL_TIM_ConfigTI1Input                            build/stm32f3xx_hal_tim.o
HAL_TIM_DMABurst_MultiReadStart                   build/stm32f3xx_hal_tim.o
HAL_TIM_DMABurst_MultiWriteStart                  build/stm32f3xx_hal_tim.o
HAL_TIM_DMABurst_ReadStart                        build/stm32f3xx_hal_tim.o
HAL_TIM_DMABurst_ReadStop                         build/stm32f3xx_hal_tim.o
HAL_TIM_DMABurst_WriteStart                       build/stm32f3xx_hal_tim.o
HAL_TIM_DMABurst_WriteStop                        build/stm32f3xx_hal_tim.o
HAL_TIM_Encoder_DeInit                            build/stm32f3xx_hal_tim.o
HAL_TIM_Encoder_GetState                          build/stm32f3xx_hal_tim.o
HAL_TIM_Encoder_Init                              build/stm32f3xx_hal_tim.o
                                                  build/tim.o
HAL_TIM_Encoder_MspDeInit                         build/tim.o
HAL_TIM_Encoder_MspInit                           build/tim.o
HAL_TIM_Encoder_Start                             build/stm32f3xx_hal_tim.o
                                                  build/encoder.o
HAL_TIM_Encoder_Start_DMA                         build/stm32f3xx_hal_tim.o
HAL_TIM_Encoder_Start_IT                          build/stm32f3xx_hal_tim.o
HAL_TIM_Encoder_Stop                              build/stm32f3xx_hal_tim.o
HAL_TIM_Encoder_Stop_DMA                          build/stm32f3xx_hal_tim.o
HAL_TIM_Encoder_Stop_IT                           build/stm32f3xx_hal_tim.o
HAL_TIM_ErrorCallback                             build/stm32f3xx_hal_tim.o
HAL_TIM_GenerateEvent                             build/stm32f3xx_hal_tim.o
HAL_TIM_IC_CaptureCallback                        build/stm32f3xx_hal_tim.o
HAL_TIM_IC_ConfigChannel                          build/stm32f3xx_hal_tim.o
HAL_TIM_IC_DeInit                                 build/stm32f3xx_hal_tim.o
HAL_TIM_IC_GetState                               build/stm32f3xx_hal_tim.o
HAL_TIM_IC_Init                                   build/stm32f3xx_hal_tim.o
HAL_TIM_IC_MspDeInit                              build/stm32f3xx_hal_tim.o
HAL_TIM_IC_MspInit                                build/stm32f3xx_hal_tim.o
HAL_TIM_IC_Start                                  build/stm32f3xx_hal_tim.o
HAL_TIM_IC_Start_DMA                              build/stm32f3xx_hal_tim.o
HAL_TIM_IC_Start_IT                               build/stm32f3xx_hal_tim.o
HAL_TIM_IC_Stop                                   build/stm32f3xx_hal_tim.o
HAL_TIM_IC_Stop_DMA                               build/stm32f3xx_hal_tim.o
HAL_TIM_IC_Stop_IT                                build/stm32f3xx_hal_tim.o
HAL_TIM_IRQHandler                                build/stm32f3xx_hal_tim.o
                                                  build/stm32f3xx_it.o
HAL_TIM_MspPostInit                               build/tim.o
HAL_TIM_OC_ConfigChannel                          build/stm32f3xx_hal_tim_ex.o
                                                  build/stm32f3xx_hal_tim.o
HAL_TIM_OC_DeInit                                 build/stm32f3xx_hal_tim.o
HAL_TIM_OC_DelayElapsedCallback                   build/stm32f3xx_hal_tim.o
HAL_TIM_OC_GetState                               build/stm32f3xx_hal_tim.o
HAL_TIM_OC_Init                                   build/stm32f3xx_hal_tim.o
HAL_TIM_OC_MspDeInit                              build/stm32f3xx_hal_tim.o
HAL_TIM_OC_MspInit                                build/stm32f3xx_hal_tim.o
HAL_TIM_OC_Start                                  build/stm32f3xx_hal_tim.o
HAL_TIM_OC_Start_DMA                              build/stm32f3xx_hal_tim.o
HAL_TIM_OC_Start_IT                               build/stm32f3xx_hal_tim.o
HAL_TIM_OC_Stop                                   build/stm32f3xx_hal_tim.o
HAL_TIM_OC_Stop_DMA                               build/stm32f3xx_hal_tim.o
HAL_TIM_OC_Stop_IT                                build/stm32f3xx_hal_tim.o
HAL_TIM_OnePulse_ConfigChannel                    build/stm32f3xx_hal_tim.o
HAL_TIM_OnePulse_DeInit                           build/stm32f3xx_hal_tim.o
HAL_TIM_OnePulse_GetState                         build/stm32f3xx_hal_tim.o
HAL_TIM_OnePulse_Init                             build/stm32f3xx_hal_tim.o
HAL_TIM_OnePulse_MspDeInit                        build/stm32f3xx_hal_tim.o
HAL_TIM_OnePulse_MspInit                          build/stm32f3xx_hal_tim.o
HAL_TIM_OnePulse_Start                            build/stm32f3xx_hal_tim.o
HAL_TIM_OnePulse_Start_IT                         build/stm32f3xx_hal_tim.o
HAL_TIM_OnePulse_Stop                             build/stm32f3xx_hal_tim.o
HAL_TIM_OnePulse_Stop_IT                          build/stm32f3xx_hal_tim.o
HAL_TIM_PWM_ConfigChannel                         build/stm32f3xx_hal_tim_ex.o
                                                  build/stm32f3xx_hal_tim.o
                                                  build/tim.o
                                                  build/main.o
HAL_TIM_PWM_DeInit                                build/stm32f3xx_hal_tim.o
HAL_TIM_PWM_GetState                              build/stm32f3xx_hal_tim.o
HAL_TIM_PWM_Init                                  build/stm32f3xx_hal_tim.o
                                                  build/tim.o
HAL_TIM_PWM_MspDeInit                             build/stm32f3xx_hal_tim.o
HAL_TIM_PWM_MspInit                               build/stm32f3xx_hal_tim.o
HAL_TIM_PWM_PulseFinishedCallback                 build/stm32f3xx_hal_tim.o
HAL_TIM_PWM_Start                                 build/stm32f3xx_hal_tim.o
                                                  build/main.o
HAL_TIM_PWM_Start_DMA                             build/stm32f3xx_hal_tim.o
HAL_TIM_PWM_Start_IT                              build/stm32f3xx_hal_tim.o
HAL_TIM_PWM_Stop                                  build/stm32f3xx_hal_tim.o
HAL_TIM_PWM_Stop_DMA                              build/stm32f3xx_hal_tim.o
HAL_TIM_PWM_Stop_IT                               build/stm32f3xx_hal_tim.o
HAL_TIM_PeriodElapsedCallback                     build/stm32f3xx_it.o
HAL_TIM_ReadCapturedValue                         build/stm32f3xx_hal_tim.o
HAL_TIM_SlaveConfigSynchronization                build/stm32f3xx_hal_tim.o
HAL_TIM_SlaveConfigSynchronization_IT             build/stm32f3xx_hal_tim.o
HAL_TIM_TriggerCallback                           build/stm32f3xx_hal_tim.o
HAL_WWDG_EarlyWakeupCallback                      build/stm32f3xx_hal_wwdg.o
HAL_WWDG_IRQHandler                               build/stm32f3xx_hal_wwdg.o
HAL_WWDG_Init                                     build/stm32f3xx_hal_wwdg.o
                                                  build/wwdg.o
HAL_WWDG_MspInit                                  build/wwdg.o
HAL_WWDG_Refresh                                  build/stm32f3xx_hal_wwdg.o
HardFault_Handler                                 build/stm32f3xx_it.o
I2C1_ER_IRQHandler                                build/startup_stm32f401xe.o
I2C1_EV_IRQHandler                                build/startup_stm32f401xe.o
I2C2_ER_IRQHandler                                build/startup_stm32f401xe.o
I2C2_EV_IRQHandler                                build/startup_stm32f401xe.o
I2C3_ER_IRQHandler                                build/startup_stm32f401xe.o
I2C3_EV_IRQHandler                                build/startup_stm32f401xe.o
LL_DMA_DeInit                                     build/stm32f3xx_ll_dma.o
LL_DMA_Init                                       build/stm32f3xx_ll_dma.o
LL_DMA_StructInit                                 build/stm32f3xx_ll_dma.o
LL_EXTI_DeInit                                    build/stm32f3xx_ll_exti.o
LL_EXTI_Init                                      build/stm32f3xx_ll_exti.o
LL_EXTI_StructInit                                build/stm32f3xx_ll_exti.o
LL_GPIO_DeInit                                    build/stm32f3xx_ll_gpio.o
LL_GPIO_Init                                      build/stm32f3xx_ll_gpio.o
                                                  build/usart.o
LL_GPIO_StructInit                                build/stm32f3xx_ll_gpio.o
LL_Init1msTick                                    build/stm32f3xx_ll_utils.o
LL_PLL_ConfigSystemClock_HSE                      build/stm32f3xx_ll_utils.o
LL_PLL_ConfigSystemClock_HSI                      build/stm32f3xx_ll_utils.o
LL_RCC_DeInit                                     build/stm32f3xx_ll_rcc.o
LL_RCC_GetADCClockFreq                            build/stm32f3xx_ll_rcc.o
LL_RCC_GetI2CClockFreq                            build/stm32f3xx_ll_rcc.o
LL_RCC_GetSystemClocksFreq                        build/stm32f3xx_ll_rcc.o
                                                  build/stm32f3xx_ll_usart.o
LL_RCC_GetTIMClockFreq                            build/stm32f3xx_ll_rcc.o
LL_RCC_GetUSARTClockFreq                          build/stm32f3xx_ll_rcc.o
                                                  build/stm32f3xx_ll_usart.o
LL_SetSystemCoreClock                             build/stm32f3xx_ll_utils.o
LL_USART_ClockInit                                build/stm32f3xx_ll_usart.o
LL_USART_ClockStructInit                          build/stm32f3xx_ll_usart.o
LL_USART_DeInit                                   build/stm32f3xx_ll_usart.o
LL_USART_Init                                     build/stm32f3xx_ll_usart.o
                                                  build/usart.o
LL_USART_StructInit                               build/stm32f3xx_ll_usart.o
LL_mDelay                                         build/stm32f3xx_ll_utils.o
MX_DMA_Init                                       build/dma.o
                                                  build/main.o
MX_GPIO_Init                                      build/gpio.o
                                                  build/main.o
MX_I2C1_Init                                      build/i2c.o
                                                  build/main.o
MX_TIM15_Init                                     build/tim.o
                                                  build/main.o
MX_TIM1_Init                                      build/tim.o
                                                  build/main.o
MX_TIM2_Init                                      build/tim.o
                                                  build/main.o
MX_TIM3_Init                                      build/tim.o
                                                  build/main.o
MX_USART2_UART_Init                               build/usart.o
                                                  build/main.o
MX_WWDG_Init                                      build/wwdg.o
                                                  build/main.o
MemManage_Handler                                 build/stm32f3xx_it.o
NMI_Handler                                       build/stm32f3xx_it.o
OTG_FS_IRQHandler                                 build/startup_stm32f401xe.o
OTG_FS_WKUP_IRQHandler                            build/startup_stm32f401xe.o
PVD_IRQHandler                                    build/startup_stm32f401xe.o
PendSV_Handler                                    build/stm32f3xx_it.o
RCC_GetHCLKClockFreq                              build/stm32f3xx_ll_rcc.o
RCC_GetPCLK1ClockFreq                             build/stm32f3xx_ll_rcc.o
RCC_GetPCLK2ClockFreq                             build/stm32f3xx_ll_rcc.o
RCC_GetSystemClockFreq                            build/stm32f3xx_ll_rcc.o
RCC_IRQHandler                                    build/startup_stm32f401xe.o
RCC_PLL_GetFreqDomain_SYS                         build/stm32f3xx_ll_rcc.o
RTC_Alarm_IRQHandler                              build/startup_stm32f401xe.o
RTC_WKUP_IRQHandler                               build/startup_stm32f401xe.o
Reset_Handler                                     build/startup_stm32f401xe.o
SDIO_IRQHandler                                   build/startup_stm32f401xe.o
SPI1_IRQHandler                                   build/startup_stm32f401xe.o
SPI2_IRQHandler                                   build/startup_stm32f401xe.o
SPI3_IRQHandler                                   build/startup_stm32f401xe.o
SPI4_IRQHandler                                   build/startup_stm32f401xe.o
SVC_Handler                                       build/stm32f3xx_it.o
SysTick_Handler                                   build/stm32f3xx_it.o
SystemClock_Config                                build/main.o
SystemCoreClock                                   build/system_stm32f3xx.o
                                                  build/stm32f3xx_hal_rcc_ex.o
                                                  build/stm32f3xx_hal_rcc.o
                                                  build/stm32f3xx_hal.o
                                                  build/stm32f3xx_ll_utils.o
SystemCoreClockUpdate                             build/system_stm32f3xx.o
SystemInit                                        build/system_stm32f3xx.o
                                                  build/startup_stm32f401xe.o
TAMP_STAMP_IRQHandler                             build/startup_stm32f401xe.o
TIM1_BRK_TIM15_IRQHandler                         build/stm32f3xx_it.o
TIM1_BRK_TIM9_IRQHandler                          build/startup_stm32f401xe.o
TIM1_CC_IRQHandler                                build/startup_stm32f401xe.o
TIM1_TRG_COM_TIM11_IRQHandler                     build/startup_stm32f401xe.o
TIM1_UP_TIM10_IRQHandler                          build/startup_stm32f401xe.o
TIM2_IRQHandler                                   build/startup_stm32f401xe.o
TIM3_IRQHandler                                   build/startup_stm32f401xe.o
TIM4_IRQHandler                                   build/startup_stm32f401xe.o
TIM5_IRQHandler                                   build/startup_stm32f401xe.o
TIMEx_DMACommutationCplt                          build/stm32f3xx_hal_tim_ex.o
                                                  build/stm32f3xx_hal_tim.o
TIM_Base_SetConfig                                build/stm32f3xx_hal_tim.o
                                                  build/stm32f3xx_hal_tim_ex.o
TIM_CCxChannelCmd                                 build/stm32f3xx_hal_tim.o
                                                  build/stm32f3xx_hal_tim_ex.o
TIM_DMACaptureCplt                                build/stm32f3xx_hal_tim.o
                                                  build/stm32f3xx_hal_tim_ex.o
TIM_DMADelayPulseCplt                             build/stm32f3xx_hal_tim.o
                                                  build/stm32f3xx_hal_tim_ex.o
TIM_DMAError                                      build/stm32f3xx_hal_tim.o
                                                  build/stm32f3xx_hal_tim_ex.o
TIM_ETR_SetConfig                                 build/stm32f3xx_hal_tim.o
                                                  build/stm32f3xx_hal_tim_ex.o
TIM_OC1_SetConfig                                 build/stm32f3xx_hal_tim.o
                                                  build/stm32f3xx_hal_tim_ex.o
TIM_OC2_SetConfig                                 build/stm32f3xx_hal_tim.o
                                                  build/stm32f3xx_hal_tim_ex.o
TIM_OC3_SetConfig                                 build/stm32f3xx_hal_tim.o
                                                  build/stm32f3xx_hal_tim_ex.o
TIM_OC4_SetConfig                                 build/stm32f3xx_hal_tim.o
                                                  build/stm32f3xx_hal_tim_ex.o
TIM_TI1_SetConfig                                 build/stm32f3xx_hal_tim.o
                                                  build/stm32f3xx_hal_tim_ex.o
USART1_IRQHandler                                 build/startup_stm32f401xe.o
USART2_IRQHandler                                 build/stm32f3xx_it.o
USART6_IRQHandler                                 build/startup_stm32f401xe.o
UsageFault_Handler                                build/stm32f3xx_it.o
WWDG_IRQHandler                                   build/startup_stm32f401xe.o
_Error_Handler                                    build/main.o
                                                  build/wwdg.o
                                                  build/tim.o
                                                  build/i2c.o
__adddf3                                          /usr/lib/gcc/arm-none-eabi/8.2.0/thumb/v7e-m+fp/hard/libgcc.a(_arm_addsubdf3.o)
__aeabi_cdcmpeq                                   /usr/lib/gcc/arm-none-eabi/8.2.0/thumb/v7e-m+fp/hard/libgcc.a(_arm_cmpdf2.o)
__aeabi_cdcmple                                   /usr/lib/gcc/arm-none-eabi/8.2.0/thumb/v7e-m+fp/hard/libgcc.a(_arm_cmpdf2.o)
__aeabi_cdrcmple                                  /usr/lib/gcc/arm-none-eabi/8.2.0/thumb/v7e-m+fp/hard/libgcc.a(_arm_cmpdf2.o)
__aeabi_d2f                                       /usr/lib/gcc/arm-none-eabi/8.2.0/thumb/v7e-m+fp/hard/libgcc.a(_arm_truncdfsf2.o)
                                                  build/odometry.o
__aeabi_d2iz                                      /usr/lib/gcc/arm-none-eabi/8.2.0/thumb/v7e-m+fp/hard/libgcc.a(_arm_fixdfsi.o)
                                                  /usr/lib/gcc/arm-none-eabi/8.2.0/../../../../arm-none-eabi/lib/thumb/v7e-m+fp/hard/libm.a(lib_a-k_sin.o)
                                                  /usr/lib/gcc/arm-none-eabi/8.2.0/../../../../arm-none-eabi/lib/thumb/v7e-m+fp/hard/libm.a(lib_a-k_rem_pio2.o)
                                                  /usr/lib/gcc/arm-none-eabi/8.2.0/../../../../arm-none-eabi/lib/thumb/v7e-m+fp/hard/libm.a(lib_a-k_cos.o)
                                                  /usr/lib/gcc/arm-none-eabi/8.2.0/../../../../arm-none-eabi/lib/thumb/v7e-m+fp/hard/libm.a(lib_a-e_rem_pio2.o)
                                                  build/main.o
__aeabi_dadd                                      /usr/lib/gcc/arm-none-eabi/8.2.0/thumb/v7e-m+fp/hard/libgcc.a(_arm_addsubdf3.o)
                                                  /usr/lib/gcc/arm-none-eabi/8.2.0/../../../../arm-none-eabi/lib/thumb/v7e-m+fp/hard/libm.a(lib_a-s_scalbn.o)
                                                  /usr/lib/gcc/arm-none-eabi/8.2.0/../../../../arm-none-eabi/lib/thumb/v7e-m+fp/hard/libm.a(lib_a-s_floor.o)
                                                  /usr/lib/gcc/arm-none-eabi/8.2.0/../../../../arm-none-eabi/lib/thumb/v7e-m+fp/hard/libm.a(lib_a-k_sin.o)
                                                  /usr/lib/gcc/arm-none-eabi/8.2.0/../../../../arm-none-eabi/lib/thumb/v7e-m+fp/hard/libm.a(lib_a-k_rem_pio2.o)
                                                  /usr/lib/gcc/arm-none-eabi/8.2.0/../../../../arm-none-eabi/lib/thumb/v7e-m+fp/hard/libm.a(lib_a-k_cos.o)
                                                  /usr/lib/gcc/arm-none-eabi/8.2.0/../../../../arm-none-eabi/lib/thumb/v7e-m+fp/hard/libm.a(lib_a-e_rem_pio2.o)
                                                  build/odometry.o
                                                  build/main.o
__aeabi_dcmpeq                                    /usr/lib/gcc/arm-none-eabi/8.2.0/thumb/v7e-m+fp/hard/libgcc.a(_arm_cmpdf2.o)
                                                  /usr/lib/gcc/arm-none-eabi/8.2.0/../../../../arm-none-eabi/lib/thumb/v7e-m+fp/hard/libm.a(lib_a-k_rem_pio2.o)
                                                  /usr/lib/gcc/arm-none-eabi/8.2.0/../../../../arm-none-eabi/lib/thumb/v7e-m+fp/hard/libm.a(lib_a-e_rem_pio2.o)
__aeabi_dcmpge                                    /usr/lib/gcc/arm-none-eabi/8.2.0/thumb/v7e-m+fp/hard/libgcc.a(_arm_cmpdf2.o)
                                                  /usr/lib/gcc/arm-none-eabi/8.2.0/../../../../arm-none-eabi/lib/thumb/v7e-m+fp/hard/libm.a(lib_a-k_rem_pio2.o)
__aeabi_dcmpgt                                    /usr/lib/gcc/arm-none-eabi/8.2.0/thumb/v7e-m+fp/hard/libgcc.a(_arm_cmpdf2.o)
                                                  /usr/lib/gcc/arm-none-eabi/8.2.0/../../../../arm-none-eabi/lib/thumb/v7e-m+fp/hard/libm.a(lib_a-s_floor.o)
__aeabi_dcmple                                    /usr/lib/gcc/arm-none-eabi/8.2.0/thumb/v7e-m+fp/hard/libgcc.a(_arm_cmpdf2.o)
__aeabi_dcmplt                                    /usr/lib/gcc/arm-none-eabi/8.2.0/thumb/v7e-m+fp/hard/libgcc.a(_arm_cmpdf2.o)
__aeabi_ddiv                                      /usr/lib/gcc/arm-none-eabi/8.2.0/thumb/v7e-m+fp/hard/libgcc.a(_arm_muldivdf3.o)
__aeabi_dmul                                      /usr/lib/gcc/arm-none-eabi/8.2.0/thumb/v7e-m+fp/hard/libgcc.a(_arm_muldivdf3.o)
                                                  /usr/lib/gcc/arm-none-eabi/8.2.0/../../../../arm-none-eabi/lib/thumb/v7e-m+fp/hard/libm.a(lib_a-s_scalbn.o)
                                                  /usr/lib/gcc/arm-none-eabi/8.2.0/../../../../arm-none-eabi/lib/thumb/v7e-m+fp/hard/libm.a(lib_a-k_sin.o)
                                                  /usr/lib/gcc/arm-none-eabi/8.2.0/../../../../arm-none-eabi/lib/thumb/v7e-m+fp/hard/libm.a(lib_a-k_rem_pio2.o)
                                                  /usr/lib/gcc/arm-none-eabi/8.2.0/../../../../arm-none-eabi/lib/thumb/v7e-m+fp/hard/libm.a(lib_a-k_cos.o)
                                                  /usr/lib/gcc/arm-none-eabi/8.2.0/../../../../arm-none-eabi/lib/thumb/v7e-m+fp/hard/libm.a(lib_a-e_rem_pio2.o)
                                                  build/odometry.o
                                                  build/main.o
__aeabi_drsub                                     /usr/lib/gcc/arm-none-eabi/8.2.0/thumb/v7e-m+fp/hard/libgcc.a(_arm_addsubdf3.o)